[INFO] Scanning for projects...
[INFO] 
[INFO] ---------------------< com.extractor:UnravelDocs >----------------------
[INFO] Building UnravelDocs 5.1.0
[INFO]   from pom.xml
[INFO] --------------------------------[ jar ]---------------------------------
[INFO] 
[INFO] --- resources:3.3.1:resources (default-resources) @ UnravelDocs ---
[INFO] Copying 42 resources from src\main\resources to target\classes
[INFO] 
[INFO] --- compiler:3.14.1:compile (default-compile) @ UnravelDocs ---
[INFO] Recompiling the module because of changed source code.
[INFO] Compiling 406 source files with javac [debug parameters release 25] to target\classes
[INFO] -------------------------------------------------------------
[WARNING] COMPILATION WARNING : 
[INFO] -------------------------------------------------------------
[WARNING] /C:/Users/afiaa/Desktop/projects/Brints/unraveldocs-api/src/main/java/com/extractor/unraveldocs/payment/receipt/model/Receipt.java:[72,21] @Builder will ignore the initializing expression entirely. If you want the initializing expression to serve as default, add @Builder.Default. If it is not supposed to be settable during building, make the field final.
[WARNING] /C:/Users/afiaa/Desktop/projects/Brints/unraveldocs-api/src/main/java/com/extractor/unraveldocs/payment/stripe/model/StripeSubscription.java:[87,21] @Builder will ignore the initializing expression entirely. If you want the initializing expression to serve as default, add @Builder.Default. If it is not supposed to be settable during building, make the field final.
[INFO] 2 warnings 
[INFO] -------------------------------------------------------------
[INFO] -------------------------------------------------------------
[ERROR] COMPILATION ERROR : 
[INFO] -------------------------------------------------------------
[ERROR] /C:/Users/afiaa/Desktop/projects/Brints/unraveldocs-api/src/main/java/com/extractor/unraveldocs/UnravelDocsApplication.java:[7,65] package org.springframework.boot.autoconfigure.data.elasticsearch does not exist
[ERROR] /C:/Users/afiaa/Desktop/projects/Brints/unraveldocs-api/src/main/java/com/extractor/unraveldocs/UnravelDocsApplication.java:[8,65] package org.springframework.boot.autoconfigure.data.elasticsearch does not exist
[ERROR] /C:/Users/afiaa/Desktop/projects/Brints/unraveldocs-api/src/main/java/com/extractor/unraveldocs/UnravelDocsApplication.java:[9,60] package org.springframework.boot.autoconfigure.elasticsearch does not exist
[ERROR] /C:/Users/afiaa/Desktop/projects/Brints/unraveldocs-api/src/main/java/com/extractor/unraveldocs/UnravelDocsApplication.java:[10,60] package org.springframework.boot.autoconfigure.elasticsearch does not exist
[ERROR] /C:/Users/afiaa/Desktop/projects/Brints/unraveldocs-api/src/main/java/com/extractor/unraveldocs/UnravelDocsApplication.java:[20,9] cannot find symbol
  symbol: class ElasticsearchDataAutoConfiguration
[ERROR] /C:/Users/afiaa/Desktop/projects/Brints/unraveldocs-api/src/main/java/com/extractor/unraveldocs/UnravelDocsApplication.java:[21,9] cannot find symbol
  symbol: class ElasticsearchRepositoriesAutoConfiguration
[ERROR] /C:/Users/afiaa/Desktop/projects/Brints/unraveldocs-api/src/main/java/com/extractor/unraveldocs/UnravelDocsApplication.java:[22,9] cannot find symbol
  symbol: class ElasticsearchClientAutoConfiguration
[ERROR] /C:/Users/afiaa/Desktop/projects/Brints/unraveldocs-api/src/main/java/com/extractor/unraveldocs/UnravelDocsApplication.java:[23,9] cannot find symbol
  symbol: class ElasticsearchRestClientAutoConfiguration
[INFO] 8 errors 
[INFO] -------------------------------------------------------------
[INFO] ------------------------------------------------------------------------
[INFO] BUILD FAILURE
[INFO] ------------------------------------------------------------------------
[INFO] Total time:  32.554 s
[INFO] Finished at: 2025-12-23T13:47:41+01:00
[INFO] ------------------------------------------------------------------------
[ERROR] Failed to execute goal org.apache.maven.plugins:maven-compiler-plugin:3.14.1:compile (default-compile) on project UnravelDocs: Compilation failure: Compilation failure: 
[ERROR] /C:/Users/afiaa/Desktop/projects/Brints/unraveldocs-api/src/main/java/com/extractor/unraveldocs/UnravelDocsApplication.java:[7,65] package org.springframework.boot.autoconfigure.data.elasticsearch does not exist
[ERROR] /C:/Users/afiaa/Desktop/projects/Brints/unraveldocs-api/src/main/java/com/extractor/unraveldocs/UnravelDocsApplication.java:[8,65] package org.springframework.boot.autoconfigure.data.elasticsearch does not exist
[ERROR] /C:/Users/afiaa/Desktop/projects/Brints/unraveldocs-api/src/main/java/com/extractor/unraveldocs/UnravelDocsApplication.java:[9,60] package org.springframework.boot.autoconfigure.elasticsearch does not exist
[ERROR] /C:/Users/afiaa/Desktop/projects/Brints/unraveldocs-api/src/main/java/com/extractor/unraveldocs/UnravelDocsApplication.java:[10,60] package org.springframework.boot.autoconfigure.elasticsearch does not exist
[ERROR] /C:/Users/afiaa/Desktop/projects/Brints/unraveldocs-api/src/main/java/com/extractor/unraveldocs/UnravelDocsApplication.java:[20,9] cannot find symbol
[ERROR]   symbol: class ElasticsearchDataAutoConfiguration
[ERROR] /C:/Users/afiaa/Desktop/projects/Brints/unraveldocs-api/src/main/java/com/extractor/unraveldocs/UnravelDocsApplication.java:[21,9] cannot find symbol
[ERROR]   symbol: class ElasticsearchRepositoriesAutoConfiguration
[ERROR] /C:/Users/afiaa/Desktop/projects/Brints/unraveldocs-api/src/main/java/com/extractor/unraveldocs/UnravelDocsApplication.java:[22,9] cannot find symbol
[ERROR]   symbol: class ElasticsearchClientAutoConfiguration
[ERROR] /C:/Users/afiaa/Desktop/projects/Brints/unraveldocs-api/src/main/java/com/extractor/unraveldocs/UnravelDocsApplication.java:[23,9] cannot find symbol
[ERROR]   symbol: class ElasticsearchRestClientAutoConfiguration
[ERROR] -> [Help 1]
[ERROR] 
[ERROR] To see the full stack trace of the errors, re-run Maven with the -e switch.
[ERROR] Re-run Maven using the -X switch to enable full debug logging.
[ERROR] 
[ERROR] For more information about the errors and possible solutions, please read the following articles:
[ERROR] [Help 1] http://cwiki.apache.org/confluence/display/MAVEN/MojoFailureException
