[INFO] Scanning for projects...
[INFO] 
[INFO] ---------------------< com.extractor:UnravelDocs >----------------------
[INFO] Building UnravelDocs 5.1.0
[INFO]   from pom.xml
[INFO] --------------------------------[ jar ]---------------------------------
[INFO] 
[INFO] --- resources:3.3.1:resources (default-resources) @ UnravelDocs ---
[INFO] Copying 42 resources from src\main\resources to target\classes
[INFO] 
[INFO] --- compiler:3.14.1:compile (default-compile) @ UnravelDocs ---
[INFO] Nothing to compile - all classes are up to date.
[INFO] 
[INFO] --- resources:3.3.1:testResources (default-testResources) @ UnravelDocs ---
[INFO] Copying 2 resources from src\test\resources to target\test-classes
[INFO] 
[INFO] --- compiler:3.14.1:testCompile (default-testCompile) @ UnravelDocs ---
[INFO] Nothing to compile - all classes are up to date.
[INFO] 
[INFO] --- surefire:3.5.4:test (default-test) @ UnravelDocs ---
[INFO] Using auto detected provider org.apache.maven.surefire.junitplatform.JUnitPlatformProvider
[INFO] 
[INFO] -------------------------------------------------------
[INFO]  T E S T S
[INFO] -------------------------------------------------------
[INFO] Running com.extractor.unraveldocs.UnravelDocsApplicationTests
13:25:57.150 [main] INFO org.springframework.test.context.support.AnnotationConfigContextLoaderUtils -- Could not detect default configuration classes for test class [com.extractor.unraveldocs.UnravelDocsApplicationTests]: UnravelDocsApplicationTests does not declare any static, non-private, non-final, nested classes annotated with @Configuration.
13:25:57.646 [main] INFO org.springframework.boot.test.context.SpringBootTestContextBootstrapper -- Found @SpringBootConfiguration com.extractor.unraveldocs.UnravelDocsApplication for test class com.extractor.unraveldocs.UnravelDocsApplicationTests
13:25:58.266 [main] INFO org.springframework.boot.devtools.restart.RestartApplicationListener -- Restart disabled due to context in which it is running

  .   ____          _            __ _ _
 /\\ / ___'_ __ _ _(_)_ __  __ _ \ \ \ \
( ( )\___ | '_ | '_| | '_ \/ _` | \ \ \ \
 \\/  ___)| |_)| | | | | || (_| |  ) ) ) )
  '  |____| .__|_| |_|_| |_\__, | / / / /
 =========|_|==============|___/=/_/_/_/

 :: Spring Boot ::                (v4.0.1)

2025-12-23T13:25:58.849+01:00  WARN 21684 --- [UnravelDocsAPI] [           main] ory$DuplicateJsonObjectContextCustomizer : 

Found multiple occurrences of org.json.JSONObject on the class path:

	jar:file:/C:/Users/afiaa/.m2/repository/com/vaadin/external/google/android-json/0.0.20131108.vaadin1/android-json-0.0.20131108.vaadin1.jar!/org/json/JSONObject.class
	jar:file:/C:/Users/afiaa/.m2/repository/org/json/json/20240303/json-20240303.jar!/org/json/JSONObject.class

You may wish to exclude one of them to ensure predictable runtime behavior

2025-12-23T13:25:58.880+01:00  INFO 21684 --- [UnravelDocsAPI] [           main] c.e.u.UnravelDocsApplicationTests        : Starting UnravelDocsApplicationTests v4.1.0-TEST using Java 25.0.1 with PID 21684 (started by afiaa in C:\Users\afiaa\Desktop\projects\Brints\unraveldocs-api)
2025-12-23T13:25:58.882+01:00  INFO 21684 --- [UnravelDocsAPI] [           main] c.e.u.UnravelDocsApplicationTests        : The following 1 profile is active: "test"
2025-12-23T13:25:58.965+01:00 DEBUG 21684 --- [UnravelDocsAPI] [           main] o.s.w.c.s.GenericWebApplicationContext   : Refreshing org.springframework.web.context.support.GenericWebApplicationContext@408e96d9
2025-12-23T13:26:03.102+01:00  INFO 21684 --- [UnravelDocsAPI] [           main] .s.d.r.c.RepositoryConfigurationDelegate : Multiple Spring Data modules found, entering strict repository configuration mode
2025-12-23T13:26:03.104+01:00  INFO 21684 --- [UnravelDocsAPI] [           main] .s.d.r.c.RepositoryConfigurationDelegate : Bootstrapping Spring Data Elasticsearch repositories in DEFAULT mode.
2025-12-23T13:26:03.338+01:00  INFO 21684 --- [UnravelDocsAPI] [           main] .s.d.r.c.RepositoryConfigurationDelegate : Finished Spring Data repository scanning in 219 ms. Found 3 Elasticsearch repository interfaces.
2025-12-23T13:26:04.167+01:00  INFO 21684 --- [UnravelDocsAPI] [           main] .s.d.r.c.RepositoryConfigurationDelegate : Multiple Spring Data modules found, entering strict repository configuration mode
2025-12-23T13:26:04.168+01:00  INFO 21684 --- [UnravelDocsAPI] [           main] .s.d.r.c.RepositoryConfigurationDelegate : Bootstrapping Spring Data Reactive Elasticsearch repositories in DEFAULT mode.
2025-12-23T13:26:04.350+01:00  INFO 21684 --- [UnravelDocsAPI] [           main] .RepositoryConfigurationExtensionSupport : Spring Data Reactive Elasticsearch - Could not safely identify store assignment for repository candidate interface com.extractor.unraveldocs.admin.repository.OtpRepository; If you want this repository to be a Reactive Elasticsearch repository, consider annotating your entities with one of these annotations: org.springframework.data.elasticsearch.annotations.Document (preferred), or consider extending one of the following types with your repository: org.springframework.data.elasticsearch.repository.ReactiveElasticsearchRepository
2025-12-23T13:26:04.355+01:00  INFO 21684 --- [UnravelDocsAPI] [           main] .RepositoryConfigurationExtensionSupport : Spring Data Reactive Elasticsearch - Could not safely identify store assignment for repository candidate interface com.extractor.unraveldocs.auth.repository.UserVerificationRepository; If you want this repository to be a Reactive Elasticsearch repository, consider annotating your entities with one of these annotations: org.springframework.data.elasticsearch.annotations.Document (preferred), or consider extending one of the following types with your repository: org.springframework.data.elasticsearch.repository.ReactiveElasticsearchRepository
2025-12-23T13:26:04.358+01:00  INFO 21684 --- [UnravelDocsAPI] [           main] .RepositoryConfigurationExtensionSupport : Spring Data Reactive Elasticsearch - Could not safely identify store assignment for repository candidate interface com.extractor.unraveldocs.documents.repository.DocumentCollectionRepository; If you want this repository to be a Reactive Elasticsearch repository, consider annotating your entities with one of these annotations: org.springframework.data.elasticsearch.annotations.Document (preferred), or consider extending one of the following types with your repository: org.springframework.data.elasticsearch.repository.ReactiveElasticsearchRepository
2025-12-23T13:26:04.368+01:00  INFO 21684 --- [UnravelDocsAPI] [           main] .RepositoryConfigurationExtensionSupport : Spring Data Reactive Elasticsearch - Could not safely identify store assignment for repository candidate interface com.extractor.unraveldocs.loginattempts.repository.LoginAttemptsRepository; If you want this repository to be a Reactive Elasticsearch repository, consider annotating your entities with one of these annotations: org.springframework.data.elasticsearch.annotations.Document (preferred), or consider extending one of the following types with your repository: org.springframework.data.elasticsearch.repository.ReactiveElasticsearchRepository
2025-12-23T13:26:04.372+01:00  INFO 21684 --- [UnravelDocsAPI] [           main] .RepositoryConfigurationExtensionSupport : Spring Data Reactive Elasticsearch - Could not safely identify store assignment for repository candidate interface com.extractor.unraveldocs.ocrprocessing.repository.OcrDataRepository; If you want this repository to be a Reactive Elasticsearch repository, consider annotating your entities with one of these annotations: org.springframework.data.elasticsearch.annotations.Document (preferred), or consider extending one of the following types with your repository: org.springframework.data.elasticsearch.repository.ReactiveElasticsearchRepository
2025-12-23T13:26:04.376+01:00  INFO 21684 --- [UnravelDocsAPI] [           main] .RepositoryConfigurationExtensionSupport : Spring Data Reactive Elasticsearch - Could not safely identify store assignment for repository candidate interface com.extractor.unraveldocs.payment.paystack.repository.PaystackCustomerRepository; If you want this repository to be a Reactive Elasticsearch repository, consider annotating your entities with one of these annotations: org.springframework.data.elasticsearch.annotations.Document (preferred), or consider extending one of the following types with your repository: org.springframework.data.elasticsearch.repository.ReactiveElasticsearchRepository
2025-12-23T13:26:04.379+01:00  INFO 21684 --- [UnravelDocsAPI] [           main] .RepositoryConfigurationExtensionSupport : Spring Data Reactive Elasticsearch - Could not safely identify store assignment for repository candidate interface com.extractor.unraveldocs.payment.paystack.repository.PaystackPaymentRepository; If you want this repository to be a Reactive Elasticsearch repository, consider annotating your entities with one of these annotations: org.springframework.data.elasticsearch.annotations.Document (preferred), or consider extending one of the following types with your repository: org.springframework.data.elasticsearch.repository.ReactiveElasticsearchRepository
2025-12-23T13:26:04.382+01:00  INFO 21684 --- [UnravelDocsAPI] [           main] .RepositoryConfigurationExtensionSupport : Spring Data Reactive Elasticsearch - Could not safely identify store assignment for repository candidate interface com.extractor.unraveldocs.payment.paystack.repository.PaystackSubscriptionRepository; If you want this repository to be a Reactive Elasticsearch repository, consider annotating your entities with one of these annotations: org.springframework.data.elasticsearch.annotations.Document (preferred), or consider extending one of the following types with your repository: org.springframework.data.elasticsearch.repository.ReactiveElasticsearchRepository
2025-12-23T13:26:04.386+01:00  INFO 21684 --- [UnravelDocsAPI] [           main] .RepositoryConfigurationExtensionSupport : Spring Data Reactive Elasticsearch - Could not safely identify store assignment for repository candidate interface com.extractor.unraveldocs.payment.receipt.repository.ReceiptRepository; If you want this repository to be a Reactive Elasticsearch repository, consider annotating your entities with one of these annotations: org.springframework.data.elasticsearch.annotations.Document (preferred), or consider extending one of the following types with your repository: org.springframework.data.elasticsearch.repository.ReactiveElasticsearchRepository
2025-12-23T13:26:04.390+01:00  INFO 21684 --- [UnravelDocsAPI] [           main] .RepositoryConfigurationExtensionSupport : Spring Data Reactive Elasticsearch - Could not safely identify store assignment for repository candidate interface com.extractor.unraveldocs.payment.stripe.repository.StripeCustomerRepository; If you want this repository to be a Reactive Elasticsearch repository, consider annotating your entities with one of these annotations: org.springframework.data.elasticsearch.annotations.Document (preferred), or consider extending one of the following types with your repository: org.springframework.data.elasticsearch.repository.ReactiveElasticsearchRepository
2025-12-23T13:26:04.393+01:00  INFO 21684 --- [UnravelDocsAPI] [           main] .RepositoryConfigurationExtensionSupport : Spring Data Reactive Elasticsearch - Could not safely identify store assignment for repository candidate interface com.extractor.unraveldocs.payment.stripe.repository.StripePaymentRepository; If you want this repository to be a Reactive Elasticsearch repository, consider annotating your entities with one of these annotations: org.springframework.data.elasticsearch.annotations.Document (preferred), or consider extending one of the following types with your repository: org.springframework.data.elasticsearch.repository.ReactiveElasticsearchRepository
2025-12-23T13:26:04.396+01:00  INFO 21684 --- [UnravelDocsAPI] [           main] .RepositoryConfigurationExtensionSupport : Spring Data Reactive Elasticsearch - Could not safely identify store assignment for repository candidate interface com.extractor.unraveldocs.payment.stripe.repository.StripeSubscriptionRepository; If you want this repository to be a Reactive Elasticsearch repository, consider annotating your entities with one of these annotations: org.springframework.data.elasticsearch.annotations.Document (preferred), or consider extending one of the following types with your repository: org.springframework.data.elasticsearch.repository.ReactiveElasticsearchRepository
2025-12-23T13:26:04.399+01:00  INFO 21684 --- [UnravelDocsAPI] [           main] .RepositoryConfigurationExtensionSupport : Spring Data Reactive Elasticsearch - Could not safely identify store assignment for repository candidate interface com.extractor.unraveldocs.payment.stripe.repository.StripeWebhookEventRepository; If you want this repository to be a Reactive Elasticsearch repository, consider annotating your entities with one of these annotations: org.springframework.data.elasticsearch.annotations.Document (preferred), or consider extending one of the following types with your repository: org.springframework.data.elasticsearch.repository.ReactiveElasticsearchRepository
2025-12-23T13:26:04.406+01:00  INFO 21684 --- [UnravelDocsAPI] [           main] .RepositoryConfigurationExtensionSupport : Spring Data Reactive Elasticsearch - Could not safely identify store assignment for repository candidate interface com.extractor.unraveldocs.subscription.repository.DiscountRepository; If you want this repository to be a Reactive Elasticsearch repository, consider annotating your entities with one of these annotations: org.springframework.data.elasticsearch.annotations.Document (preferred), or consider extending one of the following types with your repository: org.springframework.data.elasticsearch.repository.ReactiveElasticsearchRepository
2025-12-23T13:26:04.409+01:00  INFO 21684 --- [UnravelDocsAPI] [           main] .RepositoryConfigurationExtensionSupport : Spring Data Reactive Elasticsearch - Could not safely identify store assignment for repository candidate interface com.extractor.unraveldocs.subscription.repository.SubscriptionPlanRepository; If you want this repository to be a Reactive Elasticsearch repository, consider annotating your entities with one of these annotations: org.springframework.data.elasticsearch.annotations.Document (preferred), or consider extending one of the following types with your repository: org.springframework.data.elasticsearch.repository.ReactiveElasticsearchRepository
2025-12-23T13:26:04.412+01:00  INFO 21684 --- [UnravelDocsAPI] [           main] .RepositoryConfigurationExtensionSupport : Spring Data Reactive Elasticsearch - Could not safely identify store assignment for repository candidate interface com.extractor.unraveldocs.subscription.repository.UserSubscriptionRepository; If you want this repository to be a Reactive Elasticsearch repository, consider annotating your entities with one of these annotations: org.springframework.data.elasticsearch.annotations.Document (preferred), or consider extending one of the following types with your repository: org.springframework.data.elasticsearch.repository.ReactiveElasticsearchRepository
2025-12-23T13:26:04.416+01:00  INFO 21684 --- [UnravelDocsAPI] [           main] .RepositoryConfigurationExtensionSupport : Spring Data Reactive Elasticsearch - Could not safely identify store assignment for repository candidate interface com.extractor.unraveldocs.user.repository.UserRepository; If you want this repository to be a Reactive Elasticsearch repository, consider annotating your entities with one of these annotations: org.springframework.data.elasticsearch.annotations.Document (preferred), or consider extending one of the following types with your repository: org.springframework.data.elasticsearch.repository.ReactiveElasticsearchRepository
2025-12-23T13:26:04.417+01:00  INFO 21684 --- [UnravelDocsAPI] [           main] .s.d.r.c.RepositoryConfigurationDelegate : Finished Spring Data repository scanning in 240 ms. Found 0 Reactive Elasticsearch repository interfaces.
2025-12-23T13:26:04.535+01:00  INFO 21684 --- [UnravelDocsAPI] [           main] .s.d.r.c.RepositoryConfigurationDelegate : Multiple Spring Data modules found, entering strict repository configuration mode
2025-12-23T13:26:04.537+01:00  INFO 21684 --- [UnravelDocsAPI] [           main] .s.d.r.c.RepositoryConfigurationDelegate : Bootstrapping Spring Data JPA repositories in DEFAULT mode.
2025-12-23T13:26:04.690+01:00  INFO 21684 --- [UnravelDocsAPI] [           main] .RepositoryConfigurationExtensionSupport : Spring Data JPA - Could not safely identify store assignment for repository candidate interface com.extractor.unraveldocs.elasticsearch.repository.DocumentSearchRepository; If you want this repository to be a JPA repository, consider annotating your entities with one of these annotations: jakarta.persistence.Entity, jakarta.persistence.MappedSuperclass (preferred), or consider extending one of the following types with your repository: org.springframework.data.jpa.repository.JpaRepository
2025-12-23T13:26:04.692+01:00  INFO 21684 --- [UnravelDocsAPI] [           main] .RepositoryConfigurationExtensionSupport : Spring Data JPA - Could not safely identify store assignment for repository candidate interface com.extractor.unraveldocs.elasticsearch.repository.PaymentSearchRepository; If you want this repository to be a JPA repository, consider annotating your entities with one of these annotations: jakarta.persistence.Entity, jakarta.persistence.MappedSuperclass (preferred), or consider extending one of the following types with your repository: org.springframework.data.jpa.repository.JpaRepository
2025-12-23T13:26:04.693+01:00  INFO 21684 --- [UnravelDocsAPI] [           main] .RepositoryConfigurationExtensionSupport : Spring Data JPA - Could not safely identify store assignment for repository candidate interface com.extractor.unraveldocs.elasticsearch.repository.UserSearchRepository; If you want this repository to be a JPA repository, consider annotating your entities with one of these annotations: jakarta.persistence.Entity, jakarta.persistence.MappedSuperclass (preferred), or consider extending one of the following types with your repository: org.springframework.data.jpa.repository.JpaRepository
2025-12-23T13:26:04.895+01:00  INFO 21684 --- [UnravelDocsAPI] [           main] .s.d.r.c.RepositoryConfigurationDelegate : Finished Spring Data repository scanning in 346 ms. Found 17 JPA repository interfaces.
2025-12-23T13:26:05.064+01:00  INFO 21684 --- [UnravelDocsAPI] [           main] .s.d.r.c.RepositoryConfigurationDelegate : Multiple Spring Data modules found, entering strict repository configuration mode
2025-12-23T13:26:05.066+01:00  INFO 21684 --- [UnravelDocsAPI] [           main] .s.d.r.c.RepositoryConfigurationDelegate : Bootstrapping Spring Data Redis repositories in DEFAULT mode.
2025-12-23T13:26:05.240+01:00  INFO 21684 --- [UnravelDocsAPI] [           main] .RepositoryConfigurationExtensionSupport : Spring Data Redis - Could not safely identify store assignment for repository candidate interface com.extractor.unraveldocs.admin.repository.OtpRepository; If you want this repository to be a Redis repository, consider annotating your entities with one of these annotations: org.springframework.data.redis.core.RedisHash (preferred), or consider extending one of the following types with your repository: org.springframework.data.keyvalue.repository.KeyValueRepository
2025-12-23T13:26:05.241+01:00  INFO 21684 --- [UnravelDocsAPI] [           main] .RepositoryConfigurationExtensionSupport : Spring Data Redis - Could not safely identify store assignment for repository candidate interface com.extractor.unraveldocs.auth.repository.UserVerificationRepository; If you want this repository to be a Redis repository, consider annotating your entities with one of these annotations: org.springframework.data.redis.core.RedisHash (preferred), or consider extending one of the following types with your repository: org.springframework.data.keyvalue.repository.KeyValueRepository
2025-12-23T13:26:05.242+01:00  INFO 21684 --- [UnravelDocsAPI] [           main] .RepositoryConfigurationExtensionSupport : Spring Data Redis - Could not safely identify store assignment for repository candidate interface com.extractor.unraveldocs.documents.repository.DocumentCollectionRepository; If you want this repository to be a Redis repository, consider annotating your entities with one of these annotations: org.springframework.data.redis.core.RedisHash (preferred), or consider extending one of the following types with your repository: org.springframework.data.keyvalue.repository.KeyValueRepository
2025-12-23T13:26:05.242+01:00  INFO 21684 --- [UnravelDocsAPI] [           main] .RepositoryConfigurationExtensionSupport : Spring Data Redis - Could not safely identify store assignment for repository candidate interface com.extractor.unraveldocs.elasticsearch.repository.DocumentSearchRepository; If you want this repository to be a Redis repository, consider annotating your entities with one of these annotations: org.springframework.data.redis.core.RedisHash (preferred), or consider extending one of the following types with your repository: org.springframework.data.keyvalue.repository.KeyValueRepository
2025-12-23T13:26:05.242+01:00  INFO 21684 --- [UnravelDocsAPI] [           main] .RepositoryConfigurationExtensionSupport : Spring Data Redis - Could not safely identify store assignment for repository candidate interface com.extractor.unraveldocs.elasticsearch.repository.PaymentSearchRepository; If you want this repository to be a Redis repository, consider annotating your entities with one of these annotations: org.springframework.data.redis.core.RedisHash (preferred), or consider extending one of the following types with your repository: org.springframework.data.keyvalue.repository.KeyValueRepository
2025-12-23T13:26:05.244+01:00  INFO 21684 --- [UnravelDocsAPI] [           main] .RepositoryConfigurationExtensionSupport : Spring Data Redis - Could not safely identify store assignment for repository candidate interface com.extractor.unraveldocs.elasticsearch.repository.UserSearchRepository; If you want this repository to be a Redis repository, consider annotating your entities with one of these annotations: org.springframework.data.redis.core.RedisHash (preferred), or consider extending one of the following types with your repository: org.springframework.data.keyvalue.repository.KeyValueRepository
2025-12-23T13:26:05.245+01:00  INFO 21684 --- [UnravelDocsAPI] [           main] .RepositoryConfigurationExtensionSupport : Spring Data Redis - Could not safely identify store assignment for repository candidate interface com.extractor.unraveldocs.loginattempts.repository.LoginAttemptsRepository; If you want this repository to be a Redis repository, consider annotating your entities with one of these annotations: org.springframework.data.redis.core.RedisHash (preferred), or consider extending one of the following types with your repository: org.springframework.data.keyvalue.repository.KeyValueRepository
2025-12-23T13:26:05.245+01:00  INFO 21684 --- [UnravelDocsAPI] [           main] .RepositoryConfigurationExtensionSupport : Spring Data Redis - Could not safely identify store assignment for repository candidate interface com.extractor.unraveldocs.ocrprocessing.repository.OcrDataRepository; If you want this repository to be a Redis repository, consider annotating your entities with one of these annotations: org.springframework.data.redis.core.RedisHash (preferred), or consider extending one of the following types with your repository: org.springframework.data.keyvalue.repository.KeyValueRepository
2025-12-23T13:26:05.246+01:00  INFO 21684 --- [UnravelDocsAPI] [           main] .RepositoryConfigurationExtensionSupport : Spring Data Redis - Could not safely identify store assignment for repository candidate interface com.extractor.unraveldocs.payment.paystack.repository.PaystackCustomerRepository; If you want this repository to be a Redis repository, consider annotating your entities with one of these annotations: org.springframework.data.redis.core.RedisHash (preferred), or consider extending one of the following types with your repository: org.springframework.data.keyvalue.repository.KeyValueRepository
2025-12-23T13:26:05.246+01:00  INFO 21684 --- [UnravelDocsAPI] [           main] .RepositoryConfigurationExtensionSupport : Spring Data Redis - Could not safely identify store assignment for repository candidate interface com.extractor.unraveldocs.payment.paystack.repository.PaystackPaymentRepository; If you want this repository to be a Redis repository, consider annotating your entities with one of these annotations: org.springframework.data.redis.core.RedisHash (preferred), or consider extending one of the following types with your repository: org.springframework.data.keyvalue.repository.KeyValueRepository
2025-12-23T13:26:05.246+01:00  INFO 21684 --- [UnravelDocsAPI] [           main] .RepositoryConfigurationExtensionSupport : Spring Data Redis - Could not safely identify store assignment for repository candidate interface com.extractor.unraveldocs.payment.paystack.repository.PaystackSubscriptionRepository; If you want this repository to be a Redis repository, consider annotating your entities with one of these annotations: org.springframework.data.redis.core.RedisHash (preferred), or consider extending one of the following types with your repository: org.springframework.data.keyvalue.repository.KeyValueRepository
2025-12-23T13:26:05.247+01:00  INFO 21684 --- [UnravelDocsAPI] [           main] .RepositoryConfigurationExtensionSupport : Spring Data Redis - Could not safely identify store assignment for repository candidate interface com.extractor.unraveldocs.payment.receipt.repository.ReceiptRepository; If you want this repository to be a Redis repository, consider annotating your entities with one of these annotations: org.springframework.data.redis.core.RedisHash (preferred), or consider extending one of the following types with your repository: org.springframework.data.keyvalue.repository.KeyValueRepository
2025-12-23T13:26:05.247+01:00  INFO 21684 --- [UnravelDocsAPI] [           main] .RepositoryConfigurationExtensionSupport : Spring Data Redis - Could not safely identify store assignment for repository candidate interface com.extractor.unraveldocs.payment.stripe.repository.StripeCustomerRepository; If you want this repository to be a Redis repository, consider annotating your entities with one of these annotations: org.springframework.data.redis.core.RedisHash (preferred), or consider extending one of the following types with your repository: org.springframework.data.keyvalue.repository.KeyValueRepository
2025-12-23T13:26:05.247+01:00  INFO 21684 --- [UnravelDocsAPI] [           main] .RepositoryConfigurationExtensionSupport : Spring Data Redis - Could not safely identify store assignment for repository candidate interface com.extractor.unraveldocs.payment.stripe.repository.StripePaymentRepository; If you want this repository to be a Redis repository, consider annotating your entities with one of these annotations: org.springframework.data.redis.core.RedisHash (preferred), or consider extending one of the following types with your repository: org.springframework.data.keyvalue.repository.KeyValueRepository
2025-12-23T13:26:05.247+01:00  INFO 21684 --- [UnravelDocsAPI] [           main] .RepositoryConfigurationExtensionSupport : Spring Data Redis - Could not safely identify store assignment for repository candidate interface com.extractor.unraveldocs.payment.stripe.repository.StripeSubscriptionRepository; If you want this repository to be a Redis repository, consider annotating your entities with one of these annotations: org.springframework.data.redis.core.RedisHash (preferred), or consider extending one of the following types with your repository: org.springframework.data.keyvalue.repository.KeyValueRepository
2025-12-23T13:26:05.247+01:00  INFO 21684 --- [UnravelDocsAPI] [           main] .RepositoryConfigurationExtensionSupport : Spring Data Redis - Could not safely identify store assignment for repository candidate interface com.extractor.unraveldocs.payment.stripe.repository.StripeWebhookEventRepository; If you want this repository to be a Redis repository, consider annotating your entities with one of these annotations: org.springframework.data.redis.core.RedisHash (preferred), or consider extending one of the following types with your repository: org.springframework.data.keyvalue.repository.KeyValueRepository
2025-12-23T13:26:05.249+01:00  INFO 21684 --- [UnravelDocsAPI] [           main] .RepositoryConfigurationExtensionSupport : Spring Data Redis - Could not safely identify store assignment for repository candidate interface com.extractor.unraveldocs.subscription.repository.DiscountRepository; If you want this repository to be a Redis repository, consider annotating your entities with one of these annotations: org.springframework.data.redis.core.RedisHash (preferred), or consider extending one of the following types with your repository: org.springframework.data.keyvalue.repository.KeyValueRepository
2025-12-23T13:26:05.249+01:00  INFO 21684 --- [UnravelDocsAPI] [           main] .RepositoryConfigurationExtensionSupport : Spring Data Redis - Could not safely identify store assignment for repository candidate interface com.extractor.unraveldocs.subscription.repository.SubscriptionPlanRepository; If you want this repository to be a Redis repository, consider annotating your entities with one of these annotations: org.springframework.data.redis.core.RedisHash (preferred), or consider extending one of the following types with your repository: org.springframework.data.keyvalue.repository.KeyValueRepository
2025-12-23T13:26:05.250+01:00  INFO 21684 --- [UnravelDocsAPI] [           main] .RepositoryConfigurationExtensionSupport : Spring Data Redis - Could not safely identify store assignment for repository candidate interface com.extractor.unraveldocs.subscription.repository.UserSubscriptionRepository; If you want this repository to be a Redis repository, consider annotating your entities with one of these annotations: org.springframework.data.redis.core.RedisHash (preferred), or consider extending one of the following types with your repository: org.springframework.data.keyvalue.repository.KeyValueRepository
2025-12-23T13:26:05.251+01:00  INFO 21684 --- [UnravelDocsAPI] [           main] .RepositoryConfigurationExtensionSupport : Spring Data Redis - Could not safely identify store assignment for repository candidate interface com.extractor.unraveldocs.user.repository.UserRepository; If you want this repository to be a Redis repository, consider annotating your entities with one of these annotations: org.springframework.data.redis.core.RedisHash (preferred), or consider extending one of the following types with your repository: org.springframework.data.keyvalue.repository.KeyValueRepository
2025-12-23T13:26:05.251+01:00  INFO 21684 --- [UnravelDocsAPI] [           main] .s.d.r.c.RepositoryConfigurationDelegate : Finished Spring Data repository scanning in 160 ms. Found 0 Redis repository interfaces.
2025-12-23T13:26:07.455+01:00  INFO 21684 --- [UnravelDocsAPI] [           main] org.hibernate.orm.jpa                    : HHH008540: Processing PersistenceUnitInfo [name: default]
2025-12-23T13:26:07.685+01:00  INFO 21684 --- [UnravelDocsAPI] [           main] org.hibernate.orm.core                   : HHH000001: Hibernate ORM core version 7.2.0.Final
2025-12-23T13:26:09.076+01:00  INFO 21684 --- [UnravelDocsAPI] [           main] o.s.o.j.p.SpringPersistenceUnitInfo      : No LoadTimeWeaver setup: ignoring JPA class transformer
2025-12-23T13:26:09.139+01:00  INFO 21684 --- [UnravelDocsAPI] [           main] com.zaxxer.hikari.HikariDataSource       : HikariCP - Starting...
2025-12-23T13:26:09.566+01:00  INFO 21684 --- [UnravelDocsAPI] [           main] com.zaxxer.hikari.pool.HikariPool        : HikariCP - Added connection org.postgresql.jdbc.PgConnection@23338420
2025-12-23T13:26:09.569+01:00  INFO 21684 --- [UnravelDocsAPI] [           main] com.zaxxer.hikari.HikariDataSource       : HikariCP - Start completed.
2025-12-23T13:26:09.632+01:00  WARN 21684 --- [UnravelDocsAPI] [           main] org.hibernate.orm.deprecation            : HHH90000025: PostgreSQLDialect does not need to be specified explicitly using 'hibernate.dialect' (remove the property setting and it will be selected by default)
2025-12-23T13:26:09.694+01:00  INFO 21684 --- [UnravelDocsAPI] [           main] org.hibernate.orm.connections.pooling    : HHH10001005: Database info:
	Database JDBC URL [jdbc:postgresql://localhost:5432/testdb]
	Database driver: PostgreSQL JDBC Driver
	Database dialect: PostgreSQLDialect
	Database version: 18.0
	Default catalog/schema: testdb/public
	Autocommit mode: undefined/unknown
	Isolation level: READ_COMMITTED [default READ_COMMITTED]
	JDBC fetch size: none
	Pool: DataSourceConnectionProvider
	Minimum pool size: undefined/unknown
	Maximum pool size: undefined/unknown
2025-12-23T13:26:12.640+01:00  INFO 21684 --- [UnravelDocsAPI] [           main] org.hibernate.orm.core                   : HHH000489: No JTA platform available (set 'hibernate.transaction.jta.platform' to enable JTA platform integration)
2025-12-23T13:26:12.682+01:00 DEBUG 21684 --- [UnravelDocsAPI] [           main] org.hibernate.SQL                        : 
    set client_min_messages = WARNING
Hibernate: 
    set client_min_messages = WARNING
2025-12-23T13:26:12.684+01:00 DEBUG 21684 --- [UnravelDocsAPI] [           main] org.hibernate.SQL                        : 
    alter table if exists admin_otp 
       drop constraint if exists FK9m5dndyawwp8mdydpaeie9i2h
Hibernate: 
    alter table if exists admin_otp 
       drop constraint if exists FK9m5dndyawwp8mdydpaeie9i2h
2025-12-23T13:26:12.685+01:00 DEBUG 21684 --- [UnravelDocsAPI] [           main] org.hibernate.SQL                        : 
    alter table if exists discounts 
       drop constraint if exists FKj1qdyyh8ugpc0bwlh5d7vjc3y
Hibernate: 
    alter table if exists discounts 
       drop constraint if exists FKj1qdyyh8ugpc0bwlh5d7vjc3y
2025-12-23T13:26:12.686+01:00 DEBUG 21684 --- [UnravelDocsAPI] [           main] org.hibernate.SQL                        : 
    alter table if exists document_collections 
       drop constraint if exists FKd3e932grcr57ttr76ek6l469t
Hibernate: 
    alter table if exists document_collections 
       drop constraint if exists FKd3e932grcr57ttr76ek6l469t
2025-12-23T13:26:12.687+01:00 DEBUG 21684 --- [UnravelDocsAPI] [           main] org.hibernate.SQL                        : 
    alter table if exists document_file_entries 
       drop constraint if exists FKkf44rdm8gu9rpbeft8p286bix
Hibernate: 
    alter table if exists document_file_entries 
       drop constraint if exists FKkf44rdm8gu9rpbeft8p286bix
2025-12-23T13:26:12.688+01:00 DEBUG 21684 --- [UnravelDocsAPI] [           main] org.hibernate.SQL                        : 
    alter table if exists login_attempts 
       drop constraint if exists FKtg9vhke4mlf5vij2rcvfk2dg2
Hibernate: 
    alter table if exists login_attempts 
       drop constraint if exists FKtg9vhke4mlf5vij2rcvfk2dg2
2025-12-23T13:26:12.689+01:00 DEBUG 21684 --- [UnravelDocsAPI] [           main] org.hibernate.SQL                        : 
    alter table if exists paystack_customers 
       drop constraint if exists FKk98ydxaks2jtlxje6ogi5rrb4
Hibernate: 
    alter table if exists paystack_customers 
       drop constraint if exists FKk98ydxaks2jtlxje6ogi5rrb4
2025-12-23T13:26:12.691+01:00 DEBUG 21684 --- [UnravelDocsAPI] [           main] org.hibernate.SQL                        : 
    alter table if exists paystack_payments 
       drop constraint if exists FKqc3ycs3cbhq22hxg6vl43gl34
Hibernate: 
    alter table if exists paystack_payments 
       drop constraint if exists FKqc3ycs3cbhq22hxg6vl43gl34
2025-12-23T13:26:12.692+01:00 DEBUG 21684 --- [UnravelDocsAPI] [           main] org.hibernate.SQL                        : 
    alter table if exists paystack_payments 
       drop constraint if exists FKpak5fanrrjche1u7fqdcnvfba
Hibernate: 
    alter table if exists paystack_payments 
       drop constraint if exists FKpak5fanrrjche1u7fqdcnvfba
2025-12-23T13:26:12.694+01:00 DEBUG 21684 --- [UnravelDocsAPI] [           main] org.hibernate.SQL                        : 
    alter table if exists paystack_subscriptions 
       drop constraint if exists FK8oej2ug7y9i28o0ivfgwpennt
Hibernate: 
    alter table if exists paystack_subscriptions 
       drop constraint if exists FK8oej2ug7y9i28o0ivfgwpennt
2025-12-23T13:26:12.695+01:00 DEBUG 21684 --- [UnravelDocsAPI] [           main] org.hibernate.SQL                        : 
    alter table if exists paystack_subscriptions 
       drop constraint if exists FKhag27ppata5qpuhdebx072x8u
Hibernate: 
    alter table if exists paystack_subscriptions 
       drop constraint if exists FKhag27ppata5qpuhdebx072x8u
2025-12-23T13:26:12.697+01:00 DEBUG 21684 --- [UnravelDocsAPI] [           main] org.hibernate.SQL                        : 
    alter table if exists receipts 
       drop constraint if exists FK7t0uo7yxjck29e967rny84ky4
Hibernate: 
    alter table if exists receipts 
       drop constraint if exists FK7t0uo7yxjck29e967rny84ky4
2025-12-23T13:26:12.698+01:00 DEBUG 21684 --- [UnravelDocsAPI] [           main] org.hibernate.SQL                        : 
    alter table if exists stripe_customers 
       drop constraint if exists FKgmt2c1yiyvhns128xjxj8ns85
Hibernate: 
    alter table if exists stripe_customers 
       drop constraint if exists FKgmt2c1yiyvhns128xjxj8ns85
2025-12-23T13:26:12.698+01:00 DEBUG 21684 --- [UnravelDocsAPI] [           main] org.hibernate.SQL                        : 
    alter table if exists stripe_payments 
       drop constraint if exists FKo3ngkm7keh0xmoylwm6jsu7hu
Hibernate: 
    alter table if exists stripe_payments 
       drop constraint if exists FKo3ngkm7keh0xmoylwm6jsu7hu
2025-12-23T13:26:12.700+01:00 DEBUG 21684 --- [UnravelDocsAPI] [           main] org.hibernate.SQL                        : 
    alter table if exists stripe_payments 
       drop constraint if exists FKhqw6x1ol4nq40gf6cdm656ogr
Hibernate: 
    alter table if exists stripe_payments 
       drop constraint if exists FKhqw6x1ol4nq40gf6cdm656ogr
2025-12-23T13:26:12.701+01:00 DEBUG 21684 --- [UnravelDocsAPI] [           main] org.hibernate.SQL                        : 
    alter table if exists stripe_subscriptions 
       drop constraint if exists FKngpq2beq7ismkhmklf0ndvud3
Hibernate: 
    alter table if exists stripe_subscriptions 
       drop constraint if exists FKngpq2beq7ismkhmklf0ndvud3
2025-12-23T13:26:12.702+01:00 DEBUG 21684 --- [UnravelDocsAPI] [           main] org.hibernate.SQL                        : 
    alter table if exists stripe_subscriptions 
       drop constraint if exists FKmjlpp5nyiee54ighjdjjqe7n1
Hibernate: 
    alter table if exists stripe_subscriptions 
       drop constraint if exists FKmjlpp5nyiee54ighjdjjqe7n1
2025-12-23T13:26:12.703+01:00 DEBUG 21684 --- [UnravelDocsAPI] [           main] org.hibernate.SQL                        : 
    alter table if exists user_subscriptions 
       drop constraint if exists FKgvwf73xtk31h777lq0wvk7u0w
Hibernate: 
    alter table if exists user_subscriptions 
       drop constraint if exists FKgvwf73xtk31h777lq0wvk7u0w
2025-12-23T13:26:12.703+01:00 DEBUG 21684 --- [UnravelDocsAPI] [           main] org.hibernate.SQL                        : 
    alter table if exists user_subscriptions 
       drop constraint if exists FK3l40lbyji8kj5xoc20ycwsc8g
Hibernate: 
    alter table if exists user_subscriptions 
       drop constraint if exists FK3l40lbyji8kj5xoc20ycwsc8g
2025-12-23T13:26:12.703+01:00 DEBUG 21684 --- [UnravelDocsAPI] [           main] org.hibernate.SQL                        : 
    alter table if exists user_verification 
       drop constraint if exists FKtj9xd3vagu4sh7xk3ep9c2wx6
Hibernate: 
    alter table if exists user_verification 
       drop constraint if exists FKtj9xd3vagu4sh7xk3ep9c2wx6
2025-12-23T13:26:12.705+01:00 DEBUG 21684 --- [UnravelDocsAPI] [           main] org.hibernate.SQL                        : 
    drop table if exists admin_otp cascade
Hibernate: 
    drop table if exists admin_otp cascade
2025-12-23T13:26:12.705+01:00 DEBUG 21684 --- [UnravelDocsAPI] [           main] org.hibernate.SQL                        : 
    drop table if exists discounts cascade
Hibernate: 
    drop table if exists discounts cascade
2025-12-23T13:26:12.706+01:00 DEBUG 21684 --- [UnravelDocsAPI] [           main] org.hibernate.SQL                        : 
    drop table if exists document_collections cascade
Hibernate: 
    drop table if exists document_collections cascade
2025-12-23T13:26:12.708+01:00 DEBUG 21684 --- [UnravelDocsAPI] [           main] org.hibernate.SQL                        : 
    drop table if exists document_file_entries cascade
Hibernate: 
    drop table if exists document_file_entries cascade
2025-12-23T13:26:12.709+01:00 DEBUG 21684 --- [UnravelDocsAPI] [           main] org.hibernate.SQL                        : 
    drop table if exists login_attempts cascade
Hibernate: 
    drop table if exists login_attempts cascade
2025-12-23T13:26:12.710+01:00 DEBUG 21684 --- [UnravelDocsAPI] [           main] org.hibernate.SQL                        : 
    drop table if exists ocr_data cascade
Hibernate: 
    drop table if exists ocr_data cascade
2025-12-23T13:26:12.710+01:00 DEBUG 21684 --- [UnravelDocsAPI] [           main] org.hibernate.SQL                        : 
    drop table if exists paystack_customers cascade
Hibernate: 
    drop table if exists paystack_customers cascade
2025-12-23T13:26:12.712+01:00 DEBUG 21684 --- [UnravelDocsAPI] [           main] org.hibernate.SQL                        : 
    drop table if exists paystack_payments cascade
Hibernate: 
    drop table if exists paystack_payments cascade
2025-12-23T13:26:12.712+01:00 DEBUG 21684 --- [UnravelDocsAPI] [           main] org.hibernate.SQL                        : 
    drop table if exists paystack_subscriptions cascade
Hibernate: 
    drop table if exists paystack_subscriptions cascade
2025-12-23T13:26:12.713+01:00 DEBUG 21684 --- [UnravelDocsAPI] [           main] org.hibernate.SQL                        : 
    drop table if exists receipts cascade
Hibernate: 
    drop table if exists receipts cascade
2025-12-23T13:26:12.714+01:00 DEBUG 21684 --- [UnravelDocsAPI] [           main] org.hibernate.SQL                        : 
    drop table if exists stripe_customers cascade
Hibernate: 
    drop table if exists stripe_customers cascade
2025-12-23T13:26:12.715+01:00 DEBUG 21684 --- [UnravelDocsAPI] [           main] org.hibernate.SQL                        : 
    drop table if exists stripe_payments cascade
Hibernate: 
    drop table if exists stripe_payments cascade
2025-12-23T13:26:12.715+01:00 DEBUG 21684 --- [UnravelDocsAPI] [           main] org.hibernate.SQL                        : 
    drop table if exists stripe_subscriptions cascade
Hibernate: 
    drop table if exists stripe_subscriptions cascade
2025-12-23T13:26:12.716+01:00 DEBUG 21684 --- [UnravelDocsAPI] [           main] org.hibernate.SQL                        : 
    drop table if exists stripe_webhook_events cascade
Hibernate: 
    drop table if exists stripe_webhook_events cascade
2025-12-23T13:26:12.717+01:00 DEBUG 21684 --- [UnravelDocsAPI] [           main] org.hibernate.SQL                        : 
    drop table if exists subscription_plans cascade
Hibernate: 
    drop table if exists subscription_plans cascade
2025-12-23T13:26:12.718+01:00 DEBUG 21684 --- [UnravelDocsAPI] [           main] org.hibernate.SQL                        : 
    drop table if exists user_subscriptions cascade
Hibernate: 
    drop table if exists user_subscriptions cascade
2025-12-23T13:26:12.718+01:00 DEBUG 21684 --- [UnravelDocsAPI] [           main] org.hibernate.SQL                        : 
    drop table if exists user_verification cascade
Hibernate: 
    drop table if exists user_verification cascade
2025-12-23T13:26:12.719+01:00 DEBUG 21684 --- [UnravelDocsAPI] [           main] org.hibernate.SQL                        : 
    drop table if exists users cascade
Hibernate: 
    drop table if exists users cascade
2025-12-23T13:26:12.729+01:00 DEBUG 21684 --- [UnravelDocsAPI] [           main] org.hibernate.SQL                        : 
    create table admin_otp (
        is_expired boolean not null,
        is_used boolean not null,
        created_at timestamp(6) with time zone not null,
        expires_at TIMESTAMP not null,
        updated_at timestamp(6) with time zone not null,
        used_at TIMESTAMP,
        created_by varchar(255) not null,
        id varchar(255) not null,
        otp_code varchar(255) not null unique,
        primary key (id)
    )
Hibernate: 
    create table admin_otp (
        is_expired boolean not null,
        is_used boolean not null,
        created_at timestamp(6) with time zone not null,
        expires_at TIMESTAMP not null,
        updated_at timestamp(6) with time zone not null,
        used_at TIMESTAMP,
        created_by varchar(255) not null,
        id varchar(255) not null,
        otp_code varchar(255) not null unique,
        primary key (id)
    )
2025-12-23T13:26:12.755+01:00 DEBUG 21684 --- [UnravelDocsAPI] [           main] org.hibernate.SQL                        : 
    create table discounts (
        discount_percent DECIMAL(5,2) not null,
        is_active boolean not null,
        created_at timestamp(6) with time zone not null,
        start_date timestamp(6) with time zone not null,
        updated_at timestamp(6) with time zone not null,
        valid_until timestamp(6) with time zone not null,
        id varchar(255) not null,
        name varchar(255) not null,
        plan_id varchar(255) not null,
        primary key (id)
    )
Hibernate: 
    create table discounts (
        discount_percent DECIMAL(5,2) not null,
        is_active boolean not null,
        created_at timestamp(6) with time zone not null,
        start_date timestamp(6) with time zone not null,
        updated_at timestamp(6) with time zone not null,
        valid_until timestamp(6) with time zone not null,
        id varchar(255) not null,
        name varchar(255) not null,
        plan_id varchar(255) not null,
        primary key (id)
    )
2025-12-23T13:26:12.768+01:00 DEBUG 21684 --- [UnravelDocsAPI] [           main] org.hibernate.SQL                        : 
    create table document_collections (
        created_at timestamp(6) with time zone not null,
        updated_at timestamp(6) with time zone not null,
        upload_timestamp timestamp(6) with time zone not null,
        collection_status varchar(50) not null check ((collection_status in ('UPLOADED','COMPLETED','PARTIALLY_COMPLETED','FAILED_UPLOAD','PROCESSING','PROCESSED','FAILED_OCR','DELETED'))),
        id varchar(255) not null,
        user_id varchar(255) not null,
        primary key (id)
    )
Hibernate: 
    create table document_collections (
        created_at timestamp(6) with time zone not null,
        updated_at timestamp(6) with time zone not null,
        upload_timestamp timestamp(6) with time zone not null,
        collection_status varchar(50) not null check ((collection_status in ('UPLOADED','COMPLETED','PARTIALLY_COMPLETED','FAILED_UPLOAD','PROCESSING','PROCESSED','FAILED_OCR','DELETED'))),
        id varchar(255) not null,
        user_id varchar(255) not null,
        primary key (id)
    )
2025-12-23T13:26:12.779+01:00 DEBUG 21684 --- [UnravelDocsAPI] [           main] org.hibernate.SQL                        : 
    create table document_file_entries (
        created_at timestamp(6) with time zone,
        file_size bigint not null,
        updated_at timestamp(6) with time zone,
        file_url varchar(1024),
        document_collection_id varchar(255) not null,
        document_id varchar(255) not null unique,
        error_message varchar(255),
        file_type varchar(255) not null,
        original_file_name varchar(255) not null,
        storage_id varchar(255),
        upload_status varchar(255) not null
    )
Hibernate: 
    create table document_file_entries (
        created_at timestamp(6) with time zone,
        file_size bigint not null,
        updated_at timestamp(6) with time zone,
        file_url varchar(1024),
        document_collection_id varchar(255) not null,
        document_id varchar(255) not null unique,
        error_message varchar(255),
        file_type varchar(255) not null,
        original_file_name varchar(255) not null,
        storage_id varchar(255),
        upload_status varchar(255) not null
    )
2025-12-23T13:26:12.790+01:00 DEBUG 21684 --- [UnravelDocsAPI] [           main] org.hibernate.SQL                        : 
    create table login_attempts (
        is_blocked boolean not null,
        login_attempts integer not null,
        blocked_until timestamp(6),
        created_at timestamp(6) not null,
        updated_at timestamp(6) not null,
        id varchar(255) not null,
        user_id varchar(255) not null unique,
        primary key (id)
    )
Hibernate: 
    create table login_attempts (
        is_blocked boolean not null,
        login_attempts integer not null,
        blocked_until timestamp(6),
        created_at timestamp(6) not null,
        updated_at timestamp(6) not null,
        id varchar(255) not null,
        user_id varchar(255) not null unique,
        primary key (id)
    )
2025-12-23T13:26:12.803+01:00 DEBUG 21684 --- [UnravelDocsAPI] [           main] org.hibernate.SQL                        : 
    create table ocr_data (
        created_at timestamp(6) with time zone not null,
        updated_at timestamp(6) with time zone not null,
        document_id varchar(255) not null unique,
        error_message varchar(255),
        id varchar(255) not null,
        status varchar(255) not null check ((status in ('PENDING','PROCESSING','COMPLETED','FAILED'))),
        extracted_text TEXT,
        primary key (id)
    )
Hibernate: 
    create table ocr_data (
        created_at timestamp(6) with time zone not null,
        updated_at timestamp(6) with time zone not null,
        document_id varchar(255) not null unique,
        error_message varchar(255),
        id varchar(255) not null,
        status varchar(255) not null check ((status in ('PENDING','PROCESSING','COMPLETED','FAILED'))),
        extracted_text TEXT,
        primary key (id)
    )
2025-12-23T13:26:12.820+01:00 DEBUG 21684 --- [UnravelDocsAPI] [           main] org.hibernate.SQL                        : 
    create table paystack_customers (
        created_at timestamp(6) with time zone not null,
        paystack_customer_id bigint,
        updated_at timestamp(6) with time zone not null,
        customer_code varchar(255) unique,
        email varchar(255),
        first_name varchar(255),
        id varchar(255) not null,
        last_name varchar(255),
        metadata TEXT,
        phone varchar(255),
        risk_action varchar(255),
        user_id varchar(255) not null unique,
        primary key (id)
    )
Hibernate: 
    create table paystack_customers (
        created_at timestamp(6) with time zone not null,
        paystack_customer_id bigint,
        updated_at timestamp(6) with time zone not null,
        customer_code varchar(255) unique,
        email varchar(255),
        first_name varchar(255),
        id varchar(255) not null,
        last_name varchar(255),
        metadata TEXT,
        phone varchar(255),
        risk_action varchar(255),
        user_id varchar(255) not null unique,
        primary key (id)
    )
2025-12-23T13:26:12.838+01:00 DEBUG 21684 --- [UnravelDocsAPI] [           main] org.hibernate.SQL                        : 
    create table paystack_payments (
        amount numeric(10,2) not null,
        amount_refunded numeric(10,2),
        currency varchar(3) not null,
        fees numeric(10,2),
        created_at timestamp(6) with time zone not null,
        paid_at timestamp(6) with time zone,
        transaction_id bigint,
        updated_at timestamp(6) with time zone not null,
        access_code varchar(255),
        authorization_code varchar(255),
        authorization_url TEXT,
        channel varchar(255),
        description TEXT,
        failure_message TEXT,
        gateway_response varchar(255),
        id varchar(255) not null,
        ip_address varchar(255),
        metadata TEXT,
        payment_type varchar(255) not null check ((payment_type in ('ONE_TIME','SUBSCRIPTION','REFUND','SETUP'))),
        paystack_customer_id varchar(255),
        plan_code varchar(255),
        reference varchar(255) not null unique,
        status varchar(255) not null check ((status in ('PENDING','PROCESSING','SUCCEEDED','FAILED','CANCELED','REQUIRES_ACTION','REQUIRES_PAYMENT_METHOD','REQUIRES_CONFIRMATION','REFUNDED','PARTIALLY_REFUNDED'))),
        subscription_code varchar(255),
        user_id varchar(255) not null,
        primary key (id)
    )
Hibernate: 
    create table paystack_payments (
        amount numeric(10,2) not null,
        amount_refunded numeric(10,2),
        currency varchar(3) not null,
        fees numeric(10,2),
        created_at timestamp(6) with time zone not null,
        paid_at timestamp(6) with time zone,
        transaction_id bigint,
        updated_at timestamp(6) with time zone not null,
        access_code varchar(255),
        authorization_code varchar(255),
        authorization_url TEXT,
        channel varchar(255),
        description TEXT,
        failure_message TEXT,
        gateway_response varchar(255),
        id varchar(255) not null,
        ip_address varchar(255),
        metadata TEXT,
        payment_type varchar(255) not null check ((payment_type in ('ONE_TIME','SUBSCRIPTION','REFUND','SETUP'))),
        paystack_customer_id varchar(255),
        plan_code varchar(255),
        reference varchar(255) not null unique,
        status varchar(255) not null check ((status in ('PENDING','PROCESSING','SUCCEEDED','FAILED','CANCELED','REQUIRES_ACTION','REQUIRES_PAYMENT_METHOD','REQUIRES_CONFIRMATION','REFUNDED','PARTIALLY_REFUNDED'))),
        subscription_code varchar(255),
        user_id varchar(255) not null,
        primary key (id)
    )
2025-12-23T13:26:12.858+01:00 DEBUG 21684 --- [UnravelDocsAPI] [           main] org.hibernate.SQL                        : 
    create table paystack_subscriptions (
        amount numeric(10,2),
        invoice_limit integer,
        payments_count integer,
        cancelled_at timestamp(6) with time zone,
        created_at timestamp(6) with time zone not null,
        next_payment_date timestamp(6) with time zone,
        paystack_subscription_id bigint,
        updated_at timestamp(6) with time zone not null,
        authorization_code varchar(255),
        cron_expression varchar(255),
        email_token varchar(255),
        id varchar(255) not null,
        paystack_customer_id varchar(255),
        plan_code varchar(255),
        status varchar(255) not null,
        subscription_code varchar(255) not null unique,
        user_id varchar(255) not null,
        primary key (id)
    )
Hibernate: 
    create table paystack_subscriptions (
        amount numeric(10,2),
        invoice_limit integer,
        payments_count integer,
        cancelled_at timestamp(6) with time zone,
        created_at timestamp(6) with time zone not null,
        next_payment_date timestamp(6) with time zone,
        paystack_subscription_id bigint,
        updated_at timestamp(6) with time zone not null,
        authorization_code varchar(255),
        cron_expression varchar(255),
        email_token varchar(255),
        id varchar(255) not null,
        paystack_customer_id varchar(255),
        plan_code varchar(255),
        status varchar(255) not null,
        subscription_code varchar(255) not null unique,
        user_id varchar(255) not null,
        primary key (id)
    )
2025-12-23T13:26:12.877+01:00 DEBUG 21684 --- [UnravelDocsAPI] [           main] org.hibernate.SQL                        : 
    create table receipts (
        amount numeric(10,2) not null,
        currency varchar(3) not null,
        email_sent boolean not null,
        created_at timestamp(6) with time zone not null,
        email_sent_at timestamp(6) with time zone,
        paid_at timestamp(6) with time zone,
        updated_at timestamp(6) with time zone not null,
        description TEXT,
        external_payment_id varchar(255) not null,
        id varchar(255) not null,
        payment_method varchar(255),
        payment_method_details varchar(255),
        payment_provider varchar(255) not null check ((payment_provider in ('STRIPE','PAYSTACK','PAYPAL','CHAPA'))),
        receipt_number varchar(255) not null unique,
        receipt_url TEXT,
        user_id varchar(255) not null,
        primary key (id)
    )
Hibernate: 
    create table receipts (
        amount numeric(10,2) not null,
        currency varchar(3) not null,
        email_sent boolean not null,
        created_at timestamp(6) with time zone not null,
        email_sent_at timestamp(6) with time zone,
        paid_at timestamp(6) with time zone,
        updated_at timestamp(6) with time zone not null,
        description TEXT,
        external_payment_id varchar(255) not null,
        id varchar(255) not null,
        payment_method varchar(255),
        payment_method_details varchar(255),
        payment_provider varchar(255) not null check ((payment_provider in ('STRIPE','PAYSTACK','PAYPAL','CHAPA'))),
        receipt_number varchar(255) not null unique,
        receipt_url TEXT,
        user_id varchar(255) not null,
        primary key (id)
    )
2025-12-23T13:26:12.895+01:00 DEBUG 21684 --- [UnravelDocsAPI] [           main] org.hibernate.SQL                        : 
    create table stripe_customers (
        active boolean not null,
        created_at timestamp(6) with time zone not null,
        updated_at timestamp(6) with time zone not null,
        customer_name varchar(255),
        default_payment_method_id varchar(255),
        email varchar(255) not null,
        id varchar(255) not null,
        metadata TEXT,
        stripe_customer_id varchar(255) not null unique,
        user_id varchar(255) not null unique,
        primary key (id)
    )
Hibernate: 
    create table stripe_customers (
        active boolean not null,
        created_at timestamp(6) with time zone not null,
        updated_at timestamp(6) with time zone not null,
        customer_name varchar(255),
        default_payment_method_id varchar(255),
        email varchar(255) not null,
        id varchar(255) not null,
        metadata TEXT,
        stripe_customer_id varchar(255) not null unique,
        user_id varchar(255) not null unique,
        primary key (id)
    )
2025-12-23T13:26:12.915+01:00 DEBUG 21684 --- [UnravelDocsAPI] [           main] org.hibernate.SQL                        : 
    create table stripe_payments (
        amount numeric(10,2) not null,
        amount_refunded numeric(10,2),
        currency varchar(3) not null,
        created_at timestamp(6) with time zone not null,
        updated_at timestamp(6) with time zone not null,
        checkout_session_id varchar(255),
        description TEXT,
        failure_message TEXT,
        id varchar(255) not null,
        invoice_id varchar(255),
        metadata TEXT,
        payment_intent_id varchar(255),
        payment_method_id varchar(255),
        payment_type varchar(255) not null check ((payment_type in ('ONE_TIME','SUBSCRIPTION','REFUND','SETUP'))),
        receipt_url TEXT,
        status varchar(255) not null check ((status in ('PENDING','PROCESSING','SUCCEEDED','FAILED','CANCELED','REQUIRES_ACTION','REQUIRES_PAYMENT_METHOD','REQUIRES_CONFIRMATION','REFUNDED','PARTIALLY_REFUNDED'))),
        stripe_customer_id varchar(255),
        subscription_id varchar(255),
        user_id varchar(255) not null,
        primary key (id)
    )
Hibernate: 
    create table stripe_payments (
        amount numeric(10,2) not null,
        amount_refunded numeric(10,2),
        currency varchar(3) not null,
        created_at timestamp(6) with time zone not null,
        updated_at timestamp(6) with time zone not null,
        checkout_session_id varchar(255),
        description TEXT,
        failure_message TEXT,
        id varchar(255) not null,
        invoice_id varchar(255),
        metadata TEXT,
        payment_intent_id varchar(255),
        payment_method_id varchar(255),
        payment_type varchar(255) not null check ((payment_type in ('ONE_TIME','SUBSCRIPTION','REFUND','SETUP'))),
        receipt_url TEXT,
        status varchar(255) not null check ((status in ('PENDING','PROCESSING','SUCCEEDED','FAILED','CANCELED','REQUIRES_ACTION','REQUIRES_PAYMENT_METHOD','REQUIRES_CONFIRMATION','REFUNDED','PARTIALLY_REFUNDED'))),
        stripe_customer_id varchar(255),
        subscription_id varchar(255),
        user_id varchar(255) not null,
        primary key (id)
    )
2025-12-23T13:26:12.930+01:00 DEBUG 21684 --- [UnravelDocsAPI] [           main] org.hibernate.SQL                        : 
    create table stripe_subscriptions (
        cancel_at_period_end boolean,
        currency varchar(3),
        cancel_at timestamp(6) with time zone,
        canceled_at timestamp(6) with time zone,
        created_at timestamp(6) with time zone not null,
        current_period_end timestamp(6) with time zone,
        current_period_start timestamp(6) with time zone,
        quantity bigint,
        trial_end timestamp(6) with time zone,
        trial_start timestamp(6) with time zone,
        updated_at timestamp(6) with time zone not null,
        default_payment_method_id varchar(255),
        id varchar(255) not null,
        latest_invoice_id varchar(255),
        metadata TEXT,
        plan_name varchar(255),
        price_id varchar(255),
        product_id varchar(255),
        status varchar(255) not null check ((status in ('INCOMPLETE','INCOMPLETE_EXPIRED','TRIALING','ACTIVE','PAST_DUE','CANCELED','UNPAID','PAUSED'))),
        stripe_customer_id varchar(255) not null,
        stripe_subscription_id varchar(255) not null unique,
        user_id varchar(255) not null,
        primary key (id)
    )
Hibernate: 
    create table stripe_subscriptions (
        cancel_at_period_end boolean,
        currency varchar(3),
        cancel_at timestamp(6) with time zone,
        canceled_at timestamp(6) with time zone,
        created_at timestamp(6) with time zone not null,
        current_period_end timestamp(6) with time zone,
        current_period_start timestamp(6) with time zone,
        quantity bigint,
        trial_end timestamp(6) with time zone,
        trial_start timestamp(6) with time zone,
        updated_at timestamp(6) with time zone not null,
        default_payment_method_id varchar(255),
        id varchar(255) not null,
        latest_invoice_id varchar(255),
        metadata TEXT,
        plan_name varchar(255),
        price_id varchar(255),
        product_id varchar(255),
        status varchar(255) not null check ((status in ('INCOMPLETE','INCOMPLETE_EXPIRED','TRIALING','ACTIVE','PAST_DUE','CANCELED','UNPAID','PAUSED'))),
        stripe_customer_id varchar(255) not null,
        stripe_subscription_id varchar(255) not null unique,
        user_id varchar(255) not null,
        primary key (id)
    )
2025-12-23T13:26:12.947+01:00 DEBUG 21684 --- [UnravelDocsAPI] [           main] org.hibernate.SQL                        : 
    create table stripe_webhook_events (
        max_retries_reached boolean,
        processed boolean not null,
        retry_count integer,
        created_at timestamp(6) with time zone not null,
        next_retry_at timestamp(6) with time zone,
        processed_at timestamp(6) with time zone,
        event_id varchar(255) not null unique,
        event_type varchar(255) not null,
        id varchar(255) not null,
        payload TEXT not null,
        processing_error TEXT,
        primary key (id)
    )
Hibernate: 
    create table stripe_webhook_events (
        max_retries_reached boolean,
        processed boolean not null,
        retry_count integer,
        created_at timestamp(6) with time zone not null,
        next_retry_at timestamp(6) with time zone,
        processed_at timestamp(6) with time zone,
        event_id varchar(255) not null unique,
        event_type varchar(255) not null,
        id varchar(255) not null,
        payload TEXT not null,
        processing_error TEXT,
        primary key (id)
    )
2025-12-23T13:26:12.965+01:00 DEBUG 21684 --- [UnravelDocsAPI] [           main] org.hibernate.SQL                        : 
    create table subscription_plans (
        billing_interval_value integer not null,
        currency varchar(3) not null check ((currency in ('USD','EUR','GBP','INR','JPY','AUD','CAD','CNY','RUB','BRL','NGN','ZAR','MXN','KRW','CHF','SEK','NZD','AED','SGD','HKD','TRY','PLN','NOK','DKK','THB','IDR','MYR','PHP','VND','ARS','CLP','COP','PEN','ILS','KZT','UAH','RON','HUF','CZK','BGN','HRK','ISK','LTL','LVL','EGP','PKR','TWD','ZMW','KES','GHS','MAD','JMD','BDT','LKR','MUR','TND','OMR','QAR','KWD','BHD','JOD'))),
        document_upload_limit integer not null,
        is_active boolean not null,
        ocr_page_limit integer not null,
        price DECIMAL(10,2) not null,
        created_at timestamp(6) with time zone not null,
        updated_at timestamp(6) with time zone not null,
        billing_interval_unit varchar(255) not null check ((billing_interval_unit in ('MONTH','WEEK','YEAR'))),
        id varchar(255) not null,
        name varchar(255) not null unique check ((name in ('FREE','BASIC_MONTHLY','BASIC_YEARLY','PREMIUM_MONTHLY','PREMIUM_YEARLY','ENTERPRISE_MONTHLY','ENTERPRISE_YEARLY'))),
        paystack_plan_code varchar(255),
        stripe_price_id varchar(255),
        primary key (id)
    )
Hibernate: 
    create table subscription_plans (
        billing_interval_value integer not null,
        currency varchar(3) not null check ((currency in ('USD','EUR','GBP','INR','JPY','AUD','CAD','CNY','RUB','BRL','NGN','ZAR','MXN','KRW','CHF','SEK','NZD','AED','SGD','HKD','TRY','PLN','NOK','DKK','THB','IDR','MYR','PHP','VND','ARS','CLP','COP','PEN','ILS','KZT','UAH','RON','HUF','CZK','BGN','HRK','ISK','LTL','LVL','EGP','PKR','TWD','ZMW','KES','GHS','MAD','JMD','BDT','LKR','MUR','TND','OMR','QAR','KWD','BHD','JOD'))),
        document_upload_limit integer not null,
        is_active boolean not null,
        ocr_page_limit integer not null,
        price DECIMAL(10,2) not null,
        created_at timestamp(6) with time zone not null,
        updated_at timestamp(6) with time zone not null,
        billing_interval_unit varchar(255) not null check ((billing_interval_unit in ('MONTH','WEEK','YEAR'))),
        id varchar(255) not null,
        name varchar(255) not null unique check ((name in ('FREE','BASIC_MONTHLY','BASIC_YEARLY','PREMIUM_MONTHLY','PREMIUM_YEARLY','ENTERPRISE_MONTHLY','ENTERPRISE_YEARLY'))),
        paystack_plan_code varchar(255),
        stripe_price_id varchar(255),
        primary key (id)
    )
2025-12-23T13:26:12.986+01:00 DEBUG 21684 --- [UnravelDocsAPI] [           main] org.hibernate.SQL                        : 
    create table user_subscriptions (
        auto_renew boolean not null,
        has_used_trial boolean not null,
        created_at timestamp(6) with time zone not null,
        current_period_end timestamp(6) with time zone,
        current_period_start timestamp(6) with time zone,
        trial_ends_at timestamp(6) with time zone,
        updated_at timestamp(6) with time zone not null,
        id varchar(255) not null,
        payment_gateway_subscription_id varchar(255),
        plan_id varchar(255) not null,
        status varchar(255) not null,
        user_id varchar(255) not null unique,
        primary key (id)
    )
Hibernate: 
    create table user_subscriptions (
        auto_renew boolean not null,
        has_used_trial boolean not null,
        created_at timestamp(6) with time zone not null,
        current_period_end timestamp(6) with time zone,
        current_period_start timestamp(6) with time zone,
        trial_ends_at timestamp(6) with time zone,
        updated_at timestamp(6) with time zone not null,
        id varchar(255) not null,
        payment_gateway_subscription_id varchar(255),
        plan_id varchar(255) not null,
        status varchar(255) not null,
        user_id varchar(255) not null unique,
        primary key (id)
    )
2025-12-23T13:26:13.002+01:00 DEBUG 21684 --- [UnravelDocsAPI] [           main] org.hibernate.SQL                        : 
    create table user_verification (
        email_verified boolean,
        created_at timestamp(6) with time zone not null,
        deleted_at timestamp(6) with time zone,
        email_verification_token_expiry TIMESTAMP,
        password_reset_token_expiry TIMESTAMP,
        updated_at timestamp(6) with time zone not null,
        email_verification_token varchar(255),
        id varchar(255) not null,
        password_reset_token varchar(255),
        status varchar(255) check ((status in ('PENDING','VERIFIED','EXPIRED','FAILED'))),
        user_id varchar(255) not null unique,
        primary key (id)
    )
Hibernate: 
    create table user_verification (
        email_verified boolean,
        created_at timestamp(6) with time zone not null,
        deleted_at timestamp(6) with time zone,
        email_verification_token_expiry TIMESTAMP,
        password_reset_token_expiry TIMESTAMP,
        updated_at timestamp(6) with time zone not null,
        email_verification_token varchar(255),
        id varchar(255) not null,
        password_reset_token varchar(255),
        status varchar(255) check ((status in ('PENDING','VERIFIED','EXPIRED','FAILED'))),
        user_id varchar(255) not null unique,
        primary key (id)
    )
2025-12-23T13:26:13.018+01:00 DEBUG 21684 --- [UnravelDocsAPI] [           main] org.hibernate.SQL                        : 
    create table users (
        is_active boolean not null,
        is_organization_admin boolean not null,
        is_platform_admin boolean not null,
        is_verified boolean not null,
        marketing_opt_in boolean not null,
        terms_accepted boolean not null,
        created_at timestamp(6) with time zone not null,
        deleted_at timestamp(6) with time zone,
        last_login TIMESTAMP,
        updated_at timestamp(6) with time zone not null,
        country varchar(255) not null,
        email varchar(255) not null unique,
        first_name varchar(255) not null,
        id varchar(255) not null,
        image_url varchar(255),
        last_name varchar(255) not null,
        organization varchar(255),
        password varchar(255) not null,
        profession varchar(255),
        role VARCHAR(20) DEFAULT 'user' not null check ((role in ('USER','MODERATOR','ADMIN','SUPER_ADMIN'))),
        primary key (id)
    )
Hibernate: 
    create table users (
        is_active boolean not null,
        is_organization_admin boolean not null,
        is_platform_admin boolean not null,
        is_verified boolean not null,
        marketing_opt_in boolean not null,
        terms_accepted boolean not null,
        created_at timestamp(6) with time zone not null,
        deleted_at timestamp(6) with time zone,
        last_login TIMESTAMP,
        updated_at timestamp(6) with time zone not null,
        country varchar(255) not null,
        email varchar(255) not null unique,
        first_name varchar(255) not null,
        id varchar(255) not null,
        image_url varchar(255),
        last_name varchar(255) not null,
        organization varchar(255),
        password varchar(255) not null,
        profession varchar(255),
        role VARCHAR(20) DEFAULT 'user' not null check ((role in ('USER','MODERATOR','ADMIN','SUPER_ADMIN'))),
        primary key (id)
    )
2025-12-23T13:26:13.040+01:00 DEBUG 21684 --- [UnravelDocsAPI] [           main] org.hibernate.SQL                        : 
    create index idx_paystack_customer_code 
       on paystack_customers (customer_code)
Hibernate: 
    create index idx_paystack_customer_code 
       on paystack_customers (customer_code)
2025-12-23T13:26:13.045+01:00 DEBUG 21684 --- [UnravelDocsAPI] [           main] org.hibernate.SQL                        : 
    create index idx_paystack_customer_user_id 
       on paystack_customers (user_id)
Hibernate: 
    create index idx_paystack_customer_user_id 
       on paystack_customers (user_id)
2025-12-23T13:26:13.050+01:00 DEBUG 21684 --- [UnravelDocsAPI] [           main] org.hibernate.SQL                        : 
    create index idx_paystack_reference 
       on paystack_payments (reference)
Hibernate: 
    create index idx_paystack_reference 
       on paystack_payments (reference)
2025-12-23T13:26:13.053+01:00 DEBUG 21684 --- [UnravelDocsAPI] [           main] org.hibernate.SQL                        : 
    create index idx_paystack_transaction_id 
       on paystack_payments (transaction_id)
Hibernate: 
    create index idx_paystack_transaction_id 
       on paystack_payments (transaction_id)
2025-12-23T13:26:13.060+01:00 DEBUG 21684 --- [UnravelDocsAPI] [           main] org.hibernate.SQL                        : 
    create index idx_paystack_payment_user_id 
       on paystack_payments (user_id)
Hibernate: 
    create index idx_paystack_payment_user_id 
       on paystack_payments (user_id)
2025-12-23T13:26:13.065+01:00 DEBUG 21684 --- [UnravelDocsAPI] [           main] org.hibernate.SQL                        : 
    create index idx_paystack_payment_status 
       on paystack_payments (status)
Hibernate: 
    create index idx_paystack_payment_status 
       on paystack_payments (status)
2025-12-23T13:26:13.069+01:00 DEBUG 21684 --- [UnravelDocsAPI] [           main] org.hibernate.SQL                        : 
    create index idx_paystack_payment_created_at 
       on paystack_payments (created_at)
Hibernate: 
    create index idx_paystack_payment_created_at 
       on paystack_payments (created_at)
2025-12-23T13:26:13.073+01:00 DEBUG 21684 --- [UnravelDocsAPI] [           main] org.hibernate.SQL                        : 
    create index idx_paystack_subscription_code 
       on paystack_subscriptions (subscription_code)
Hibernate: 
    create index idx_paystack_subscription_code 
       on paystack_subscriptions (subscription_code)
2025-12-23T13:26:13.079+01:00 DEBUG 21684 --- [UnravelDocsAPI] [           main] org.hibernate.SQL                        : 
    create index idx_paystack_subscription_user_id 
       on paystack_subscriptions (user_id)
Hibernate: 
    create index idx_paystack_subscription_user_id 
       on paystack_subscriptions (user_id)
2025-12-23T13:26:13.083+01:00 DEBUG 21684 --- [UnravelDocsAPI] [           main] org.hibernate.SQL                        : 
    create index idx_paystack_subscription_status 
       on paystack_subscriptions (status)
Hibernate: 
    create index idx_paystack_subscription_status 
       on paystack_subscriptions (status)
2025-12-23T13:26:13.087+01:00 DEBUG 21684 --- [UnravelDocsAPI] [           main] org.hibernate.SQL                        : 
    create index idx_receipt_user_id 
       on receipts (user_id)
Hibernate: 
    create index idx_receipt_user_id 
       on receipts (user_id)
2025-12-23T13:26:13.092+01:00 DEBUG 21684 --- [UnravelDocsAPI] [           main] org.hibernate.SQL                        : 
    create index idx_receipt_external_payment 
       on receipts (external_payment_id, payment_provider)
Hibernate: 
    create index idx_receipt_external_payment 
       on receipts (external_payment_id, payment_provider)
2025-12-23T13:26:13.097+01:00 DEBUG 21684 --- [UnravelDocsAPI] [           main] org.hibernate.SQL                        : 
    create index idx_receipt_created_at 
       on receipts (created_at)
Hibernate: 
    create index idx_receipt_created_at 
       on receipts (created_at)
2025-12-23T13:26:13.102+01:00 DEBUG 21684 --- [UnravelDocsAPI] [           main] org.hibernate.SQL                        : 
    create index idx_stripe_customer_id 
       on stripe_customers (stripe_customer_id)
Hibernate: 
    create index idx_stripe_customer_id 
       on stripe_customers (stripe_customer_id)
2025-12-23T13:26:13.106+01:00 DEBUG 21684 --- [UnravelDocsAPI] [           main] org.hibernate.SQL                        : 
    create index idx_user_id 
       on stripe_customers (user_id)
Hibernate: 
    create index idx_user_id 
       on stripe_customers (user_id)
2025-12-23T13:26:13.111+01:00 DEBUG 21684 --- [UnravelDocsAPI] [           main] org.hibernate.SQL                        : 
    create index idx_payment_intent_id 
       on stripe_payments (payment_intent_id)
Hibernate: 
    create index idx_payment_intent_id 
       on stripe_payments (payment_intent_id)
2025-12-23T13:26:13.115+01:00 DEBUG 21684 --- [UnravelDocsAPI] [           main] org.hibernate.SQL                        : 
    create index idx_subscription_id 
       on stripe_payments (subscription_id)
Hibernate: 
    create index idx_subscription_id 
       on stripe_payments (subscription_id)
2025-12-23T13:26:13.119+01:00 DEBUG 21684 --- [UnravelDocsAPI] [           main] org.hibernate.SQL                        : 
    create index idx_user_id_payment 
       on stripe_payments (user_id)
Hibernate: 
    create index idx_user_id_payment 
       on stripe_payments (user_id)
2025-12-23T13:26:13.125+01:00 DEBUG 21684 --- [UnravelDocsAPI] [           main] org.hibernate.SQL                        : 
    create index idx_status 
       on stripe_payments (status)
Hibernate: 
    create index idx_status 
       on stripe_payments (status)
2025-12-23T13:26:13.128+01:00 DEBUG 21684 --- [UnravelDocsAPI] [           main] org.hibernate.SQL                        : 
    create index idx_created_at 
       on stripe_payments (created_at)
Hibernate: 
    create index idx_created_at 
       on stripe_payments (created_at)
2025-12-23T13:26:13.132+01:00 DEBUG 21684 --- [UnravelDocsAPI] [           main] org.hibernate.SQL                        : 
    create index idx_stripe_sub_user_id 
       on stripe_subscriptions (user_id)
Hibernate: 
    create index idx_stripe_sub_user_id 
       on stripe_subscriptions (user_id)
2025-12-23T13:26:13.138+01:00 DEBUG 21684 --- [UnravelDocsAPI] [           main] org.hibernate.SQL                        : 
    create index idx_stripe_sub_stripe_id 
       on stripe_subscriptions (stripe_subscription_id)
Hibernate: 
    create index idx_stripe_sub_stripe_id 
       on stripe_subscriptions (stripe_subscription_id)
2025-12-23T13:26:13.144+01:00 DEBUG 21684 --- [UnravelDocsAPI] [           main] org.hibernate.SQL                        : 
    create index idx_stripe_sub_status 
       on stripe_subscriptions (status)
Hibernate: 
    create index idx_stripe_sub_status 
       on stripe_subscriptions (status)
2025-12-23T13:26:13.148+01:00 DEBUG 21684 --- [UnravelDocsAPI] [           main] org.hibernate.SQL                        : 
    create index idx_stripe_sub_customer 
       on stripe_subscriptions (stripe_customer_id)
Hibernate: 
    create index idx_stripe_sub_customer 
       on stripe_subscriptions (stripe_customer_id)
2025-12-23T13:26:13.151+01:00 DEBUG 21684 --- [UnravelDocsAPI] [           main] org.hibernate.SQL                        : 
    create index idx_stripe_sub_current_period_end 
       on stripe_subscriptions (current_period_end)
Hibernate: 
    create index idx_stripe_sub_current_period_end 
       on stripe_subscriptions (current_period_end)
2025-12-23T13:26:13.156+01:00 DEBUG 21684 --- [UnravelDocsAPI] [           main] org.hibernate.SQL                        : 
    create index idx_processed 
       on stripe_webhook_events (processed)
Hibernate: 
    create index idx_processed 
       on stripe_webhook_events (processed)
2025-12-23T13:26:13.161+01:00 DEBUG 21684 --- [UnravelDocsAPI] [           main] org.hibernate.SQL                        : 
    create index idx_created_at_webhook 
       on stripe_webhook_events (created_at)
Hibernate: 
    create index idx_created_at_webhook 
       on stripe_webhook_events (created_at)
2025-12-23T13:26:13.165+01:00 DEBUG 21684 --- [UnravelDocsAPI] [           main] org.hibernate.SQL                        : 
    create index IDXt75vo13ktux7axtsalk4vsrgw 
       on user_verification (email_verification_token)
Hibernate: 
    create index IDXt75vo13ktux7axtsalk4vsrgw 
       on user_verification (email_verification_token)
2025-12-23T13:26:13.170+01:00 DEBUG 21684 --- [UnravelDocsAPI] [           main] org.hibernate.SQL                        : 
    create index IDXktbqj6ja5yo14mygsko3homjv 
       on user_verification (password_reset_token)
Hibernate: 
    create index IDXktbqj6ja5yo14mygsko3homjv 
       on user_verification (password_reset_token)
2025-12-23T13:26:13.174+01:00 DEBUG 21684 --- [UnravelDocsAPI] [           main] org.hibernate.SQL                        : 
    create index IDXlltg8772giigp7rasppmt4tj7 
       on users (is_active)
Hibernate: 
    create index IDXlltg8772giigp7rasppmt4tj7 
       on users (is_active)
2025-12-23T13:26:13.178+01:00 DEBUG 21684 --- [UnravelDocsAPI] [           main] org.hibernate.SQL                        : 
    create index IDXtr7bg9panb07joqqs5v7cygpo 
       on users (is_verified)
Hibernate: 
    create index IDXtr7bg9panb07joqqs5v7cygpo 
       on users (is_verified)
2025-12-23T13:26:13.183+01:00 DEBUG 21684 --- [UnravelDocsAPI] [           main] org.hibernate.SQL                        : 
    create index IDX9tcqdjbisfu01sls0713foikb 
       on users (is_platform_admin)
Hibernate: 
    create index IDX9tcqdjbisfu01sls0713foikb 
       on users (is_platform_admin)
2025-12-23T13:26:13.187+01:00 DEBUG 21684 --- [UnravelDocsAPI] [           main] org.hibernate.SQL                        : 
    create index IDXgw7a8il2yabfnaqnlgat8jhw6 
       on users (is_organization_admin)
Hibernate: 
    create index IDXgw7a8il2yabfnaqnlgat8jhw6 
       on users (is_organization_admin)
2025-12-23T13:26:13.192+01:00 DEBUG 21684 --- [UnravelDocsAPI] [           main] org.hibernate.SQL                        : 
    create index IDXmmgnrg9xuk9v75158vut4jl8e 
       on users (role)
Hibernate: 
    create index IDXmmgnrg9xuk9v75158vut4jl8e 
       on users (role)
2025-12-23T13:26:13.198+01:00 DEBUG 21684 --- [UnravelDocsAPI] [           main] org.hibernate.SQL                        : 
    alter table if exists admin_otp 
       add constraint FK9m5dndyawwp8mdydpaeie9i2h 
       foreign key (created_by) 
       references users
Hibernate: 
    alter table if exists admin_otp 
       add constraint FK9m5dndyawwp8mdydpaeie9i2h 
       foreign key (created_by) 
       references users
2025-12-23T13:26:13.217+01:00 DEBUG 21684 --- [UnravelDocsAPI] [           main] org.hibernate.SQL                        : 
    alter table if exists discounts 
       add constraint FKj1qdyyh8ugpc0bwlh5d7vjc3y 
       foreign key (plan_id) 
       references subscription_plans
Hibernate: 
    alter table if exists discounts 
       add constraint FKj1qdyyh8ugpc0bwlh5d7vjc3y 
       foreign key (plan_id) 
       references subscription_plans
2025-12-23T13:26:13.227+01:00 DEBUG 21684 --- [UnravelDocsAPI] [           main] org.hibernate.SQL                        : 
    alter table if exists document_collections 
       add constraint FKd3e932grcr57ttr76ek6l469t 
       foreign key (user_id) 
       references users
Hibernate: 
    alter table if exists document_collections 
       add constraint FKd3e932grcr57ttr76ek6l469t 
       foreign key (user_id) 
       references users
2025-12-23T13:26:13.233+01:00 DEBUG 21684 --- [UnravelDocsAPI] [           main] org.hibernate.SQL                        : 
    alter table if exists document_file_entries 
       add constraint FKkf44rdm8gu9rpbeft8p286bix 
       foreign key (document_collection_id) 
       references document_collections
Hibernate: 
    alter table if exists document_file_entries 
       add constraint FKkf44rdm8gu9rpbeft8p286bix 
       foreign key (document_collection_id) 
       references document_collections
2025-12-23T13:26:13.240+01:00 DEBUG 21684 --- [UnravelDocsAPI] [           main] org.hibernate.SQL                        : 
    alter table if exists login_attempts 
       add constraint FKtg9vhke4mlf5vij2rcvfk2dg2 
       foreign key (user_id) 
       references users
Hibernate: 
    alter table if exists login_attempts 
       add constraint FKtg9vhke4mlf5vij2rcvfk2dg2 
       foreign key (user_id) 
       references users
2025-12-23T13:26:13.247+01:00 DEBUG 21684 --- [UnravelDocsAPI] [           main] org.hibernate.SQL                        : 
    alter table if exists paystack_customers 
       add constraint FKk98ydxaks2jtlxje6ogi5rrb4 
       foreign key (user_id) 
       references users
Hibernate: 
    alter table if exists paystack_customers 
       add constraint FKk98ydxaks2jtlxje6ogi5rrb4 
       foreign key (user_id) 
       references users
2025-12-23T13:26:13.258+01:00 DEBUG 21684 --- [UnravelDocsAPI] [           main] org.hibernate.SQL                        : 
    alter table if exists paystack_payments 
       add constraint FKqc3ycs3cbhq22hxg6vl43gl34 
       foreign key (paystack_customer_id) 
       references paystack_customers
Hibernate: 
    alter table if exists paystack_payments 
       add constraint FKqc3ycs3cbhq22hxg6vl43gl34 
       foreign key (paystack_customer_id) 
       references paystack_customers
2025-12-23T13:26:13.271+01:00 DEBUG 21684 --- [UnravelDocsAPI] [           main] org.hibernate.SQL                        : 
    alter table if exists paystack_payments 
       add constraint FKpak5fanrrjche1u7fqdcnvfba 
       foreign key (user_id) 
       references users
Hibernate: 
    alter table if exists paystack_payments 
       add constraint FKpak5fanrrjche1u7fqdcnvfba 
       foreign key (user_id) 
       references users
2025-12-23T13:26:13.275+01:00 DEBUG 21684 --- [UnravelDocsAPI] [           main] org.hibernate.SQL                        : 
    alter table if exists paystack_subscriptions 
       add constraint FK8oej2ug7y9i28o0ivfgwpennt 
       foreign key (paystack_customer_id) 
       references paystack_customers
Hibernate: 
    alter table if exists paystack_subscriptions 
       add constraint FK8oej2ug7y9i28o0ivfgwpennt 
       foreign key (paystack_customer_id) 
       references paystack_customers
2025-12-23T13:26:13.283+01:00 DEBUG 21684 --- [UnravelDocsAPI] [           main] org.hibernate.SQL                        : 
    alter table if exists paystack_subscriptions 
       add constraint FKhag27ppata5qpuhdebx072x8u 
       foreign key (user_id) 
       references users
Hibernate: 
    alter table if exists paystack_subscriptions 
       add constraint FKhag27ppata5qpuhdebx072x8u 
       foreign key (user_id) 
       references users
2025-12-23T13:26:13.286+01:00 DEBUG 21684 --- [UnravelDocsAPI] [           main] org.hibernate.SQL                        : 
    alter table if exists receipts 
       add constraint FK7t0uo7yxjck29e967rny84ky4 
       foreign key (user_id) 
       references users
Hibernate: 
    alter table if exists receipts 
       add constraint FK7t0uo7yxjck29e967rny84ky4 
       foreign key (user_id) 
       references users
2025-12-23T13:26:13.294+01:00 DEBUG 21684 --- [UnravelDocsAPI] [           main] org.hibernate.SQL                        : 
    alter table if exists stripe_customers 
       add constraint FKgmt2c1yiyvhns128xjxj8ns85 
       foreign key (user_id) 
       references users
Hibernate: 
    alter table if exists stripe_customers 
       add constraint FKgmt2c1yiyvhns128xjxj8ns85 
       foreign key (user_id) 
       references users
2025-12-23T13:26:13.302+01:00 DEBUG 21684 --- [UnravelDocsAPI] [           main] org.hibernate.SQL                        : 
    alter table if exists stripe_payments 
       add constraint FKo3ngkm7keh0xmoylwm6jsu7hu 
       foreign key (stripe_customer_id) 
       references stripe_customers
Hibernate: 
    alter table if exists stripe_payments 
       add constraint FKo3ngkm7keh0xmoylwm6jsu7hu 
       foreign key (stripe_customer_id) 
       references stripe_customers
2025-12-23T13:26:13.311+01:00 DEBUG 21684 --- [UnravelDocsAPI] [           main] org.hibernate.SQL                        : 
    alter table if exists stripe_payments 
       add constraint FKhqw6x1ol4nq40gf6cdm656ogr 
       foreign key (user_id) 
       references users
Hibernate: 
    alter table if exists stripe_payments 
       add constraint FKhqw6x1ol4nq40gf6cdm656ogr 
       foreign key (user_id) 
       references users
2025-12-23T13:26:13.313+01:00 DEBUG 21684 --- [UnravelDocsAPI] [           main] org.hibernate.SQL                        : 
    alter table if exists stripe_subscriptions 
       add constraint FKngpq2beq7ismkhmklf0ndvud3 
       foreign key (stripe_customer_id) 
       references stripe_customers
Hibernate: 
    alter table if exists stripe_subscriptions 
       add constraint FKngpq2beq7ismkhmklf0ndvud3 
       foreign key (stripe_customer_id) 
       references stripe_customers
2025-12-23T13:26:13.323+01:00 DEBUG 21684 --- [UnravelDocsAPI] [           main] org.hibernate.SQL                        : 
    alter table if exists stripe_subscriptions 
       add constraint FKmjlpp5nyiee54ighjdjjqe7n1 
       foreign key (user_id) 
       references users
Hibernate: 
    alter table if exists stripe_subscriptions 
       add constraint FKmjlpp5nyiee54ighjdjjqe7n1 
       foreign key (user_id) 
       references users
2025-12-23T13:26:13.325+01:00 DEBUG 21684 --- [UnravelDocsAPI] [           main] org.hibernate.SQL                        : 
    alter table if exists user_subscriptions 
       add constraint FKgvwf73xtk31h777lq0wvk7u0w 
       foreign key (plan_id) 
       references subscription_plans
Hibernate: 
    alter table if exists user_subscriptions 
       add constraint FKgvwf73xtk31h777lq0wvk7u0w 
       foreign key (plan_id) 
       references subscription_plans
2025-12-23T13:26:13.331+01:00 DEBUG 21684 --- [UnravelDocsAPI] [           main] org.hibernate.SQL                        : 
    alter table if exists user_subscriptions 
       add constraint FK3l40lbyji8kj5xoc20ycwsc8g 
       foreign key (user_id) 
       references users
Hibernate: 
    alter table if exists user_subscriptions 
       add constraint FK3l40lbyji8kj5xoc20ycwsc8g 
       foreign key (user_id) 
       references users
2025-12-23T13:26:13.334+01:00 DEBUG 21684 --- [UnravelDocsAPI] [           main] org.hibernate.SQL                        : 
    alter table if exists user_verification 
       add constraint FKtj9xd3vagu4sh7xk3ep9c2wx6 
       foreign key (user_id) 
       references users
Hibernate: 
    alter table if exists user_verification 
       add constraint FKtj9xd3vagu4sh7xk3ep9c2wx6 
       foreign key (user_id) 
       references users
2025-12-23T13:26:13.347+01:00  INFO 21684 --- [UnravelDocsAPI] [           main] j.LocalContainerEntityManagerFactoryBean : Initialized JPA EntityManagerFactory for persistence unit 'default'
2025-12-23T13:26:13.598+01:00  INFO 21684 --- [UnravelDocsAPI] [           main] o.s.d.j.r.query.QueryEnhancerFactories   : Hibernate is in classpath; If applicable, HQL parser will be used.
2025-12-23T13:26:20.133+01:00  INFO 21684 --- [UnravelDocsAPI] [           main] r$InitializeUserDetailsManagerConfigurer : Global AuthenticationManager configured with UserDetailsService bean with name customUserDetailsService
2025-12-23T13:26:20.278+01:00  INFO 21684 --- [UnravelDocsAPI] [           main] c.e.u.b.k.config.KafkaProducerConfig     : Kafka producer factory configured with acks=all, retries=3, idempotence=true
2025-12-23T13:26:20.320+01:00  INFO 21684 --- [UnravelDocsAPI] [           main] c.e.u.b.kafka.metrics.KafkaMetrics       : Kafka metrics initialized
2025-12-23T13:26:20.331+01:00  INFO 21684 --- [UnravelDocsAPI] [           main] c.e.u.brokers.core.MessageBrokerFactory  : Registered message producer: KAFKA
2025-12-23T13:26:20.332+01:00  INFO 21684 --- [UnravelDocsAPI] [           main] c.e.u.brokers.core.MessageBrokerFactory  : Registered message producer: RABBITMQ
2025-12-23T13:26:20.332+01:00  INFO 21684 --- [UnravelDocsAPI] [           main] c.e.u.brokers.core.MessageBrokerFactory  : Default message broker: KAFKA
2025-12-23T13:26:22.058+01:00  WARN 21684 --- [UnravelDocsAPI] [           main] o.s.w.c.s.GenericWebApplicationContext   : Exception encountered during context initialization - cancelling refresh attempt: org.springframework.beans.factory.UnsatisfiedDependencyException: Error creating bean with name 'elasticsearchIndexConsumer' defined in file [C:\Users\afiaa\Desktop\projects\Brints\unraveldocs-api\target\classes\com\extractor\unraveldocs\elasticsearch\consumer\ElasticsearchIndexConsumer.class]: Unsatisfied dependency expressed through constructor parameter 0: Error creating bean with name 'documentSearchRepository' defined in com.extractor.unraveldocs.elasticsearch.repository.DocumentSearchRepository defined in @EnableElasticsearchRepositories declared on ElasticsearchConfig: Cannot resolve reference to bean 'elasticsearchTemplate' while setting bean property 'elasticsearchOperations'
2025-12-23T13:26:22.101+01:00  INFO 21684 --- [UnravelDocsAPI] [           main] j.LocalContainerEntityManagerFactoryBean : Closing JPA EntityManagerFactory for persistence unit 'default'
2025-12-23T13:26:22.101+01:00 DEBUG 21684 --- [UnravelDocsAPI] [           main] org.hibernate.SQL                        : 
    set client_min_messages = WARNING
Hibernate: 
    set client_min_messages = WARNING
2025-12-23T13:26:22.103+01:00 DEBUG 21684 --- [UnravelDocsAPI] [           main] org.hibernate.SQL                        : 
    alter table if exists admin_otp 
       drop constraint if exists FK9m5dndyawwp8mdydpaeie9i2h
Hibernate: 
    alter table if exists admin_otp 
       drop constraint if exists FK9m5dndyawwp8mdydpaeie9i2h
2025-12-23T13:26:22.106+01:00 DEBUG 21684 --- [UnravelDocsAPI] [           main] org.hibernate.SQL                        : 
    alter table if exists discounts 
       drop constraint if exists FKj1qdyyh8ugpc0bwlh5d7vjc3y
Hibernate: 
    alter table if exists discounts 
       drop constraint if exists FKj1qdyyh8ugpc0bwlh5d7vjc3y
2025-12-23T13:26:22.108+01:00 DEBUG 21684 --- [UnravelDocsAPI] [           main] org.hibernate.SQL                        : 
    alter table if exists document_collections 
       drop constraint if exists FKd3e932grcr57ttr76ek6l469t
Hibernate: 
    alter table if exists document_collections 
       drop constraint if exists FKd3e932grcr57ttr76ek6l469t
2025-12-23T13:26:22.110+01:00 DEBUG 21684 --- [UnravelDocsAPI] [           main] org.hibernate.SQL                        : 
    alter table if exists document_file_entries 
       drop constraint if exists FKkf44rdm8gu9rpbeft8p286bix
Hibernate: 
    alter table if exists document_file_entries 
       drop constraint if exists FKkf44rdm8gu9rpbeft8p286bix
2025-12-23T13:26:22.113+01:00 DEBUG 21684 --- [UnravelDocsAPI] [           main] org.hibernate.SQL                        : 
    alter table if exists login_attempts 
       drop constraint if exists FKtg9vhke4mlf5vij2rcvfk2dg2
Hibernate: 
    alter table if exists login_attempts 
       drop constraint if exists FKtg9vhke4mlf5vij2rcvfk2dg2
2025-12-23T13:26:22.113+01:00 DEBUG 21684 --- [UnravelDocsAPI] [           main] org.hibernate.SQL                        : 
    alter table if exists paystack_customers 
       drop constraint if exists FKk98ydxaks2jtlxje6ogi5rrb4
Hibernate: 
    alter table if exists paystack_customers 
       drop constraint if exists FKk98ydxaks2jtlxje6ogi5rrb4
2025-12-23T13:26:22.116+01:00 DEBUG 21684 --- [UnravelDocsAPI] [           main] org.hibernate.SQL                        : 
    alter table if exists paystack_payments 
       drop constraint if exists FKqc3ycs3cbhq22hxg6vl43gl34
Hibernate: 
    alter table if exists paystack_payments 
       drop constraint if exists FKqc3ycs3cbhq22hxg6vl43gl34
2025-12-23T13:26:22.118+01:00 DEBUG 21684 --- [UnravelDocsAPI] [           main] org.hibernate.SQL                        : 
    alter table if exists paystack_payments 
       drop constraint if exists FKpak5fanrrjche1u7fqdcnvfba
Hibernate: 
    alter table if exists paystack_payments 
       drop constraint if exists FKpak5fanrrjche1u7fqdcnvfba
2025-12-23T13:26:22.120+01:00 DEBUG 21684 --- [UnravelDocsAPI] [           main] org.hibernate.SQL                        : 
    alter table if exists paystack_subscriptions 
       drop constraint if exists FK8oej2ug7y9i28o0ivfgwpennt
Hibernate: 
    alter table if exists paystack_subscriptions 
       drop constraint if exists FK8oej2ug7y9i28o0ivfgwpennt
2025-12-23T13:26:22.123+01:00 DEBUG 21684 --- [UnravelDocsAPI] [           main] org.hibernate.SQL                        : 
    alter table if exists paystack_subscriptions 
       drop constraint if exists FKhag27ppata5qpuhdebx072x8u
Hibernate: 
    alter table if exists paystack_subscriptions 
       drop constraint if exists FKhag27ppata5qpuhdebx072x8u
2025-12-23T13:26:22.125+01:00 DEBUG 21684 --- [UnravelDocsAPI] [           main] org.hibernate.SQL                        : 
    alter table if exists receipts 
       drop constraint if exists FK7t0uo7yxjck29e967rny84ky4
Hibernate: 
    alter table if exists receipts 
       drop constraint if exists FK7t0uo7yxjck29e967rny84ky4
2025-12-23T13:26:22.128+01:00 DEBUG 21684 --- [UnravelDocsAPI] [           main] org.hibernate.SQL                        : 
    alter table if exists stripe_customers 
       drop constraint if exists FKgmt2c1yiyvhns128xjxj8ns85
Hibernate: 
    alter table if exists stripe_customers 
       drop constraint if exists FKgmt2c1yiyvhns128xjxj8ns85
2025-12-23T13:26:22.131+01:00 DEBUG 21684 --- [UnravelDocsAPI] [           main] org.hibernate.SQL                        : 
    alter table if exists stripe_payments 
       drop constraint if exists FKo3ngkm7keh0xmoylwm6jsu7hu
Hibernate: 
    alter table if exists stripe_payments 
       drop constraint if exists FKo3ngkm7keh0xmoylwm6jsu7hu
2025-12-23T13:26:22.134+01:00 DEBUG 21684 --- [UnravelDocsAPI] [           main] org.hibernate.SQL                        : 
    alter table if exists stripe_payments 
       drop constraint if exists FKhqw6x1ol4nq40gf6cdm656ogr
Hibernate: 
    alter table if exists stripe_payments 
       drop constraint if exists FKhqw6x1ol4nq40gf6cdm656ogr
2025-12-23T13:26:22.136+01:00 DEBUG 21684 --- [UnravelDocsAPI] [           main] org.hibernate.SQL                        : 
    alter table if exists stripe_subscriptions 
       drop constraint if exists FKngpq2beq7ismkhmklf0ndvud3
Hibernate: 
    alter table if exists stripe_subscriptions 
       drop constraint if exists FKngpq2beq7ismkhmklf0ndvud3
2025-12-23T13:26:22.137+01:00 DEBUG 21684 --- [UnravelDocsAPI] [           main] org.hibernate.SQL                        : 
    alter table if exists stripe_subscriptions 
       drop constraint if exists FKmjlpp5nyiee54ighjdjjqe7n1
Hibernate: 
    alter table if exists stripe_subscriptions 
       drop constraint if exists FKmjlpp5nyiee54ighjdjjqe7n1
2025-12-23T13:26:22.139+01:00 DEBUG 21684 --- [UnravelDocsAPI] [           main] org.hibernate.SQL                        : 
    alter table if exists user_subscriptions 
       drop constraint if exists FKgvwf73xtk31h777lq0wvk7u0w
Hibernate: 
    alter table if exists user_subscriptions 
       drop constraint if exists FKgvwf73xtk31h777lq0wvk7u0w
2025-12-23T13:26:22.141+01:00 DEBUG 21684 --- [UnravelDocsAPI] [           main] org.hibernate.SQL                        : 
    alter table if exists user_subscriptions 
       drop constraint if exists FK3l40lbyji8kj5xoc20ycwsc8g
Hibernate: 
    alter table if exists user_subscriptions 
       drop constraint if exists FK3l40lbyji8kj5xoc20ycwsc8g
2025-12-23T13:26:22.142+01:00 DEBUG 21684 --- [UnravelDocsAPI] [           main] org.hibernate.SQL                        : 
    alter table if exists user_verification 
       drop constraint if exists FKtj9xd3vagu4sh7xk3ep9c2wx6
Hibernate: 
    alter table if exists user_verification 
       drop constraint if exists FKtj9xd3vagu4sh7xk3ep9c2wx6
2025-12-23T13:26:22.144+01:00 DEBUG 21684 --- [UnravelDocsAPI] [           main] org.hibernate.SQL                        : 
    drop table if exists admin_otp cascade
Hibernate: 
    drop table if exists admin_otp cascade
2025-12-23T13:26:22.153+01:00 DEBUG 21684 --- [UnravelDocsAPI] [           main] org.hibernate.SQL                        : 
    drop table if exists discounts cascade
Hibernate: 
    drop table if exists discounts cascade
2025-12-23T13:26:22.160+01:00 DEBUG 21684 --- [UnravelDocsAPI] [           main] org.hibernate.SQL                        : 
    drop table if exists document_collections cascade
Hibernate: 
    drop table if exists document_collections cascade
2025-12-23T13:26:22.166+01:00 DEBUG 21684 --- [UnravelDocsAPI] [           main] org.hibernate.SQL                        : 
    drop table if exists document_file_entries cascade
Hibernate: 
    drop table if exists document_file_entries cascade
2025-12-23T13:26:22.171+01:00 DEBUG 21684 --- [UnravelDocsAPI] [           main] org.hibernate.SQL                        : 
    drop table if exists login_attempts cascade
Hibernate: 
    drop table if exists login_attempts cascade
2025-12-23T13:26:22.178+01:00 DEBUG 21684 --- [UnravelDocsAPI] [           main] org.hibernate.SQL                        : 
    drop table if exists ocr_data cascade
Hibernate: 
    drop table if exists ocr_data cascade
2025-12-23T13:26:22.185+01:00 DEBUG 21684 --- [UnravelDocsAPI] [           main] org.hibernate.SQL                        : 
    drop table if exists paystack_customers cascade
Hibernate: 
    drop table if exists paystack_customers cascade
2025-12-23T13:26:22.197+01:00 DEBUG 21684 --- [UnravelDocsAPI] [           main] org.hibernate.SQL                        : 
    drop table if exists paystack_payments cascade
Hibernate: 
    drop table if exists paystack_payments cascade
2025-12-23T13:26:22.211+01:00 DEBUG 21684 --- [UnravelDocsAPI] [           main] org.hibernate.SQL                        : 
    drop table if exists paystack_subscriptions cascade
Hibernate: 
    drop table if exists paystack_subscriptions cascade
2025-12-23T13:26:22.222+01:00 DEBUG 21684 --- [UnravelDocsAPI] [           main] org.hibernate.SQL                        : 
    drop table if exists receipts cascade
Hibernate: 
    drop table if exists receipts cascade
2025-12-23T13:26:22.232+01:00 DEBUG 21684 --- [UnravelDocsAPI] [           main] org.hibernate.SQL                        : 
    drop table if exists stripe_customers cascade
Hibernate: 
    drop table if exists stripe_customers cascade
2025-12-23T13:26:22.244+01:00 DEBUG 21684 --- [UnravelDocsAPI] [           main] org.hibernate.SQL                        : 
    drop table if exists stripe_payments cascade
Hibernate: 
    drop table if exists stripe_payments cascade
2025-12-23T13:26:22.257+01:00 DEBUG 21684 --- [UnravelDocsAPI] [           main] org.hibernate.SQL                        : 
    drop table if exists stripe_subscriptions cascade
Hibernate: 
    drop table if exists stripe_subscriptions cascade
2025-12-23T13:26:22.272+01:00 DEBUG 21684 --- [UnravelDocsAPI] [           main] org.hibernate.SQL                        : 
    drop table if exists stripe_webhook_events cascade
Hibernate: 
    drop table if exists stripe_webhook_events cascade
2025-12-23T13:26:22.281+01:00 DEBUG 21684 --- [UnravelDocsAPI] [           main] org.hibernate.SQL                        : 
    drop table if exists subscription_plans cascade
Hibernate: 
    drop table if exists subscription_plans cascade
2025-12-23T13:26:22.288+01:00 DEBUG 21684 --- [UnravelDocsAPI] [           main] org.hibernate.SQL                        : 
    drop table if exists user_subscriptions cascade
Hibernate: 
    drop table if exists user_subscriptions cascade
2025-12-23T13:26:22.297+01:00 DEBUG 21684 --- [UnravelDocsAPI] [           main] org.hibernate.SQL                        : 
    drop table if exists user_verification cascade
Hibernate: 
    drop table if exists user_verification cascade
2025-12-23T13:26:22.306+01:00 DEBUG 21684 --- [UnravelDocsAPI] [           main] org.hibernate.SQL                        : 
    drop table if exists users cascade
Hibernate: 
    drop table if exists users cascade
2025-12-23T13:26:22.325+01:00  INFO 21684 --- [UnravelDocsAPI] [           main] com.zaxxer.hikari.HikariDataSource       : HikariCP - Shutdown initiated...
2025-12-23T13:26:22.330+01:00  INFO 21684 --- [UnravelDocsAPI] [           main] com.zaxxer.hikari.HikariDataSource       : HikariCP - Shutdown completed.
2025-12-23T13:26:22.379+01:00  INFO 21684 --- [UnravelDocsAPI] [           main] .s.b.a.l.ConditionEvaluationReportLogger : 

Error starting ApplicationContext. To display the condition evaluation report re-run your application with 'debug' enabled.
2025-12-23T13:26:22.421+01:00 ERROR 21684 --- [UnravelDocsAPI] [           main] o.s.b.d.LoggingFailureAnalysisReporter   : 

***************************
APPLICATION FAILED TO START
***************************

Description:

Parameter 0 of constructor in com.extractor.unraveldocs.elasticsearch.consumer.ElasticsearchIndexConsumer required a bean named 'elasticsearchTemplate' that could not be found.


Action:

Consider defining a bean named 'elasticsearchTemplate' in your configuration.

2025-12-23T13:26:22.427+01:00  WARN 21684 --- [UnravelDocsAPI] [           main] o.s.test.context.TestContextManager      : Caught exception while allowing TestExecutionListener [org.springframework.test.context.web.ServletTestExecutionListener] to prepare test instance [com.extractor.unraveldocs.UnravelDocsApplicationTests@679ba4a9]

java.lang.IllegalStateException: Failed to load ApplicationContext for [WebMergedContextConfiguration@6efffd0b testClass = com.extractor.unraveldocs.UnravelDocsApplicationTests, locations = [], classes = [com.extractor.unraveldocs.UnravelDocsApplication], contextInitializerClasses = [], activeProfiles = ["test"], propertySourceDescriptors = [], propertySourceProperties = ["org.springframework.boot.test.context.SpringBootTestContextBootstrapper=true"], contextCustomizers = [org.springframework.boot.web.server.context.SpringBootTestRandomPortContextCustomizerFactory$Customizer@6063d80a, org.springframework.boot.test.context.PropertyMappingContextCustomizer@0, org.springframework.boot.test.context.filter.ExcludeFilterContextCustomizer@4e4efc1b, org.springframework.boot.test.json.DuplicateJsonObjectContextCustomizerFactory$DuplicateJsonObjectContextCustomizer@4de025bf, org.springframework.boot.test.autoconfigure.OnFailureConditionReportContextCustomizerFactory$OnFailureConditionReportContextCustomizer@11389053, org.springframework.test.context.support.DynamicPropertiesContextCustomizer@0, org.springframework.boot.test.context.SpringBootTestAnnotation@6ecd0382], resourceBasePath = "src/main/webapp", contextLoader = org.springframework.boot.test.context.SpringBootContextLoader, parent = null]
	at org.springframework.test.context.cache.DefaultCacheAwareContextLoaderDelegate.lambda$loadContext$0(DefaultCacheAwareContextLoaderDelegate.java:195) ~[spring-test-7.0.2.jar:7.0.2]
	at org.springframework.test.context.cache.DefaultContextCache.put(DefaultContextCache.java:172) ~[spring-test-7.0.2.jar:7.0.2]
	at org.springframework.test.context.cache.DefaultCacheAwareContextLoaderDelegate.loadContext(DefaultCacheAwareContextLoaderDelegate.java:160) ~[spring-test-7.0.2.jar:7.0.2]
	at org.springframework.test.context.support.DefaultTestContext.getApplicationContext(DefaultTestContext.java:128) ~[spring-test-7.0.2.jar:7.0.2]
	at org.springframework.test.context.web.ServletTestExecutionListener.setUpRequestContextIfNecessary(ServletTestExecutionListener.java:200) ~[spring-test-7.0.2.jar:7.0.2]
	at org.springframework.test.context.web.ServletTestExecutionListener.prepareTestInstance(ServletTestExecutionListener.java:139) ~[spring-test-7.0.2.jar:7.0.2]
	at org.springframework.test.context.TestContextManager.prepareTestInstance(TestContextManager.java:260) ~[spring-test-7.0.2.jar:7.0.2]
	at org.springframework.test.context.junit.jupiter.SpringExtension.postProcessTestInstance(SpringExtension.java:205) ~[spring-test-7.0.2.jar:7.0.2]
	at org.junit.jupiter.engine.descriptor.ClassBasedTestDescriptor.lambda$invokeTestInstancePostProcessors$1(ClassBasedTestDescriptor.java:423) ~[junit-jupiter-engine-6.0.1.jar:6.0.1]
	at org.junit.jupiter.engine.descriptor.ClassBasedTestDescriptor.executeAndMaskThrowable(ClassBasedTestDescriptor.java:428) ~[junit-jupiter-engine-6.0.1.jar:6.0.1]
	at org.junit.jupiter.engine.descriptor.ClassBasedTestDescriptor.lambda$invokeTestInstancePostProcessors$0(ClassBasedTestDescriptor.java:422) ~[junit-jupiter-engine-6.0.1.jar:6.0.1]
	at java.base/java.util.stream.ForEachOps$ForEachOp$OfRef.accept(ForEachOps.java:186) ~[na:na]
	at java.base/java.util.stream.ReferencePipeline$3$1.accept(ReferencePipeline.java:214) ~[na:na]
	at java.base/java.util.stream.ReferencePipeline$2$1.accept(ReferencePipeline.java:197) ~[na:na]
	at java.base/java.util.stream.ReferencePipeline$3$1.accept(ReferencePipeline.java:214) ~[na:na]
	at java.base/java.util.ArrayList$ArrayListSpliterator.forEachRemaining(ArrayList.java:1716) ~[na:na]
	at java.base/java.util.stream.AbstractPipeline.copyInto(AbstractPipeline.java:570) ~[na:na]
	at java.base/java.util.stream.AbstractPipeline.wrapAndCopyInto(AbstractPipeline.java:560) ~[na:na]
	at java.base/java.util.stream.ForEachOps$ForEachOp.evaluateSequential(ForEachOps.java:153) ~[na:na]
	at java.base/java.util.stream.ForEachOps$ForEachOp$OfRef.evaluateSequential(ForEachOps.java:176) ~[na:na]
	at java.base/java.util.stream.AbstractPipeline.evaluate(AbstractPipeline.java:265) ~[na:na]
	at java.base/java.util.stream.ReferencePipeline.forEach(ReferencePipeline.java:632) ~[na:na]
	at org.junit.jupiter.engine.descriptor.ClassBasedTestDescriptor.invokeTestInstancePostProcessors(ClassBasedTestDescriptor.java:422) ~[junit-jupiter-engine-6.0.1.jar:6.0.1]
	at org.junit.jupiter.engine.descriptor.ClassBasedTestDescriptor.lambda$instantiateAndPostProcessTestInstance$0(ClassBasedTestDescriptor.java:334) ~[junit-jupiter-engine-6.0.1.jar:6.0.1]
	at org.junit.platform.engine.support.hierarchical.ThrowableCollector.execute(ThrowableCollector.java:74) ~[junit-platform-engine-6.0.1.jar:6.0.1]
	at org.junit.jupiter.engine.descriptor.ClassBasedTestDescriptor.instantiateAndPostProcessTestInstance(ClassBasedTestDescriptor.java:333) ~[junit-jupiter-engine-6.0.1.jar:6.0.1]
	at org.junit.jupiter.engine.descriptor.ClassBasedTestDescriptor.lambda$testInstancesProvider$1(ClassBasedTestDescriptor.java:322) ~[junit-jupiter-engine-6.0.1.jar:6.0.1]
	at java.base/java.util.Optional.orElseGet(Optional.java:364) ~[na:na]
	at org.junit.jupiter.engine.descriptor.ClassBasedTestDescriptor.lambda$testInstancesProvider$0(ClassBasedTestDescriptor.java:321) ~[junit-jupiter-engine-6.0.1.jar:6.0.1]
	at org.junit.jupiter.engine.execution.TestInstancesProvider.getTestInstances(TestInstancesProvider.java:27) ~[junit-jupiter-engine-6.0.1.jar:6.0.1]
	at org.junit.jupiter.engine.descriptor.TestMethodTestDescriptor.lambda$prepare$0(TestMethodTestDescriptor.java:127) ~[junit-jupiter-engine-6.0.1.jar:6.0.1]
	at org.junit.platform.engine.support.hierarchical.ThrowableCollector.execute(ThrowableCollector.java:74) ~[junit-platform-engine-6.0.1.jar:6.0.1]
	at org.junit.jupiter.engine.descriptor.TestMethodTestDescriptor.prepare(TestMethodTestDescriptor.java:126) ~[junit-jupiter-engine-6.0.1.jar:6.0.1]
	at org.junit.jupiter.engine.descriptor.TestMethodTestDescriptor.prepare(TestMethodTestDescriptor.java:70) ~[junit-jupiter-engine-6.0.1.jar:6.0.1]
	at org.junit.platform.engine.support.hierarchical.NodeTestTask.lambda$prepare$0(NodeTestTask.java:144) ~[junit-platform-engine-6.0.1.jar:6.0.1]
	at org.junit.platform.engine.support.hierarchical.ThrowableCollector.execute(ThrowableCollector.java:74) ~[junit-platform-engine-6.0.1.jar:6.0.1]
	at org.junit.platform.engine.support.hierarchical.NodeTestTask.prepare(NodeTestTask.java:144) ~[junit-platform-engine-6.0.1.jar:6.0.1]
	at org.junit.platform.engine.support.hierarchical.NodeTestTask.execute(NodeTestTask.java:110) ~[junit-platform-engine-6.0.1.jar:6.0.1]
	at java.base/java.util.ArrayList.forEach(ArrayList.java:1604) ~[na:na]
	at org.junit.platform.engine.support.hierarchical.SameThreadHierarchicalTestExecutorService.invokeAll(SameThreadHierarchicalTestExecutorService.java:42) ~[junit-platform-engine-6.0.1.jar:6.0.1]
	at org.junit.platform.engine.support.hierarchical.NodeTestTask.lambda$executeRecursively$2(NodeTestTask.java:180) ~[junit-platform-engine-6.0.1.jar:6.0.1]
	at org.junit.platform.engine.support.hierarchical.ThrowableCollector.execute(ThrowableCollector.java:74) ~[junit-platform-engine-6.0.1.jar:6.0.1]
	at org.junit.platform.engine.support.hierarchical.NodeTestTask.lambda$executeRecursively$1(NodeTestTask.java:166) ~[junit-platform-engine-6.0.1.jar:6.0.1]
	at org.junit.platform.engine.support.hierarchical.Node.around(Node.java:138) ~[junit-platform-engine-6.0.1.jar:6.0.1]
	at org.junit.platform.engine.support.hierarchical.NodeTestTask.lambda$executeRecursively$0(NodeTestTask.java:164) ~[junit-platform-engine-6.0.1.jar:6.0.1]
	at org.junit.platform.engine.support.hierarchical.ThrowableCollector.execute(ThrowableCollector.java:74) ~[junit-platform-engine-6.0.1.jar:6.0.1]
	at org.junit.platform.engine.support.hierarchical.NodeTestTask.executeRecursively(NodeTestTask.java:163) ~[junit-platform-engine-6.0.1.jar:6.0.1]
	at org.junit.platform.engine.support.hierarchical.NodeTestTask.execute(NodeTestTask.java:116) ~[junit-platform-engine-6.0.1.jar:6.0.1]
	at java.base/java.util.ArrayList.forEach(ArrayList.java:1604) ~[na:na]
	at org.junit.platform.engine.support.hierarchical.SameThreadHierarchicalTestExecutorService.invokeAll(SameThreadHierarchicalTestExecutorService.java:42) ~[junit-platform-engine-6.0.1.jar:6.0.1]
	at org.junit.platform.engine.support.hierarchical.NodeTestTask.lambda$executeRecursively$2(NodeTestTask.java:180) ~[junit-platform-engine-6.0.1.jar:6.0.1]
	at org.junit.platform.engine.support.hierarchical.ThrowableCollector.execute(ThrowableCollector.java:74) ~[junit-platform-engine-6.0.1.jar:6.0.1]
	at org.junit.platform.engine.support.hierarchical.NodeTestTask.lambda$executeRecursively$1(NodeTestTask.java:166) ~[junit-platform-engine-6.0.1.jar:6.0.1]
	at org.junit.platform.engine.support.hierarchical.Node.around(Node.java:138) ~[junit-platform-engine-6.0.1.jar:6.0.1]
	at org.junit.platform.engine.support.hierarchical.NodeTestTask.lambda$executeRecursively$0(NodeTestTask.java:164) ~[junit-platform-engine-6.0.1.jar:6.0.1]
	at org.junit.platform.engine.support.hierarchical.ThrowableCollector.execute(ThrowableCollector.java:74) ~[junit-platform-engine-6.0.1.jar:6.0.1]
	at org.junit.platform.engine.support.hierarchical.NodeTestTask.executeRecursively(NodeTestTask.java:163) ~[junit-platform-engine-6.0.1.jar:6.0.1]
	at org.junit.platform.engine.support.hierarchical.NodeTestTask.execute(NodeTestTask.java:116) ~[junit-platform-engine-6.0.1.jar:6.0.1]
	at org.junit.platform.engine.support.hierarchical.SameThreadHierarchicalTestExecutorService.submit(SameThreadHierarchicalTestExecutorService.java:36) ~[junit-platform-engine-6.0.1.jar:6.0.1]
	at org.junit.platform.engine.support.hierarchical.HierarchicalTestExecutor.execute(HierarchicalTestExecutor.java:52) ~[junit-platform-engine-6.0.1.jar:6.0.1]
	at org.junit.platform.engine.support.hierarchical.HierarchicalTestEngine.execute(HierarchicalTestEngine.java:58) ~[junit-platform-engine-6.0.1.jar:6.0.1]
	at org.junit.platform.launcher.core.EngineExecutionOrchestrator.executeEngine(EngineExecutionOrchestrator.java:246) ~[junit-platform-launcher-6.0.1.jar:6.0.1]
	at org.junit.platform.launcher.core.EngineExecutionOrchestrator.failOrExecuteEngine(EngineExecutionOrchestrator.java:218) ~[junit-platform-launcher-6.0.1.jar:6.0.1]
	at org.junit.platform.launcher.core.EngineExecutionOrchestrator.execute(EngineExecutionOrchestrator.java:179) ~[junit-platform-launcher-6.0.1.jar:6.0.1]
	at org.junit.platform.launcher.core.EngineExecutionOrchestrator.execute(EngineExecutionOrchestrator.java:108) ~[junit-platform-launcher-6.0.1.jar:6.0.1]
	at org.junit.platform.launcher.core.EngineExecutionOrchestrator.lambda$execute$0(EngineExecutionOrchestrator.java:66) ~[junit-platform-launcher-6.0.1.jar:6.0.1]
	at org.junit.platform.launcher.core.EngineExecutionOrchestrator.withInterceptedStreams(EngineExecutionOrchestrator.java:157) ~[junit-platform-launcher-6.0.1.jar:6.0.1]
	at org.junit.platform.launcher.core.EngineExecutionOrchestrator.execute(EngineExecutionOrchestrator.java:65) ~[junit-platform-launcher-6.0.1.jar:6.0.1]
	at org.junit.platform.launcher.core.DefaultLauncher.execute(DefaultLauncher.java:125) ~[junit-platform-launcher-6.0.1.jar:6.0.1]
	at org.junit.platform.launcher.core.DefaultLauncher.execute(DefaultLauncher.java:114) ~[junit-platform-launcher-6.0.1.jar:6.0.1]
	at org.junit.platform.launcher.core.DelegatingLauncher.execute(DelegatingLauncher.java:58) ~[junit-platform-launcher-6.0.1.jar:6.0.1]
	at org.junit.platform.launcher.core.InterceptingLauncher.lambda$execute$2(InterceptingLauncher.java:57) ~[junit-platform-launcher-6.0.1.jar:6.0.1]
	at org.junit.platform.launcher.core.ClasspathAlignmentCheckingLauncherInterceptor.intercept(ClasspathAlignmentCheckingLauncherInterceptor.java:25) ~[junit-platform-launcher-6.0.1.jar:6.0.1]
	at org.junit.platform.launcher.core.InterceptingLauncher.execute(InterceptingLauncher.java:56) ~[junit-platform-launcher-6.0.1.jar:6.0.1]
	at org.junit.platform.launcher.core.DelegatingLauncher.execute(DelegatingLauncher.java:58) ~[junit-platform-launcher-6.0.1.jar:6.0.1]
	at java.base/jdk.internal.reflect.DirectMethodHandleAccessor.invoke(DirectMethodHandleAccessor.java:104) ~[na:na]
	at java.base/java.lang.reflect.Method.invoke(Method.java:565) ~[na:na]
	at org.apache.maven.surefire.api.util.ReflectionUtils.invokeMethodWithArray(ReflectionUtils.java:125) ~[surefire-api-3.5.4.jar:3.5.4]
	at org.apache.maven.surefire.junitplatform.LauncherAdapter.executeWithCancellationToken(LauncherAdapter.java:68) ~[surefire-junit-platform-3.5.4.jar:3.5.4]
	at org.apache.maven.surefire.junitplatform.LauncherAdapter.execute(LauncherAdapter.java:54) ~[surefire-junit-platform-3.5.4.jar:3.5.4]
	at org.apache.maven.surefire.junitplatform.JUnitPlatformProvider.execute(JUnitPlatformProvider.java:203) ~[surefire-junit-platform-3.5.4.jar:3.5.4]
	at org.apache.maven.surefire.junitplatform.JUnitPlatformProvider.invokeAllTests(JUnitPlatformProvider.java:168) ~[surefire-junit-platform-3.5.4.jar:3.5.4]
	at org.apache.maven.surefire.junitplatform.JUnitPlatformProvider.invoke(JUnitPlatformProvider.java:136) ~[surefire-junit-platform-3.5.4.jar:3.5.4]
	at org.apache.maven.surefire.booter.ForkedBooter.runSuitesInProcess(ForkedBooter.java:385) ~[surefire-booter-3.5.4.jar:3.5.4]
	at org.apache.maven.surefire.booter.ForkedBooter.execute(ForkedBooter.java:162) ~[surefire-booter-3.5.4.jar:3.5.4]
	at org.apache.maven.surefire.booter.ForkedBooter.run(ForkedBooter.java:507) ~[surefire-booter-3.5.4.jar:3.5.4]
	at org.apache.maven.surefire.booter.ForkedBooter.main(ForkedBooter.java:495) ~[surefire-booter-3.5.4.jar:3.5.4]
Caused by: org.springframework.beans.factory.UnsatisfiedDependencyException: Error creating bean with name 'elasticsearchIndexConsumer' defined in file [C:\Users\afiaa\Desktop\projects\Brints\unraveldocs-api\target\classes\com\extractor\unraveldocs\elasticsearch\consumer\ElasticsearchIndexConsumer.class]: Unsatisfied dependency expressed through constructor parameter 0: Error creating bean with name 'documentSearchRepository' defined in com.extractor.unraveldocs.elasticsearch.repository.DocumentSearchRepository defined in @EnableElasticsearchRepositories declared on ElasticsearchConfig: Cannot resolve reference to bean 'elasticsearchTemplate' while setting bean property 'elasticsearchOperations'
	at org.springframework.beans.factory.support.ConstructorResolver.createArgumentArray(ConstructorResolver.java:804) ~[spring-beans-7.0.2.jar:7.0.2]
	at org.springframework.beans.factory.support.ConstructorResolver.autowireConstructor(ConstructorResolver.java:240) ~[spring-beans-7.0.2.jar:7.0.2]
	at org.springframework.beans.factory.support.AbstractAutowireCapableBeanFactory.autowireConstructor(AbstractAutowireCapableBeanFactory.java:1382) ~[spring-beans-7.0.2.jar:7.0.2]
	at org.springframework.beans.factory.support.AbstractAutowireCapableBeanFactory.createBeanInstance(AbstractAutowireCapableBeanFactory.java:1221) ~[spring-beans-7.0.2.jar:7.0.2]
	at org.springframework.beans.factory.support.AbstractAutowireCapableBeanFactory.doCreateBean(AbstractAutowireCapableBeanFactory.java:565) ~[spring-beans-7.0.2.jar:7.0.2]
	at org.springframework.beans.factory.support.AbstractAutowireCapableBeanFactory.createBean(AbstractAutowireCapableBeanFactory.java:525) ~[spring-beans-7.0.2.jar:7.0.2]
	at org.springframework.beans.factory.support.AbstractBeanFactory.lambda$doGetBean$0(AbstractBeanFactory.java:333) ~[spring-beans-7.0.2.jar:7.0.2]
	at org.springframework.beans.factory.support.DefaultSingletonBeanRegistry.getSingleton(DefaultSingletonBeanRegistry.java:371) ~[spring-beans-7.0.2.jar:7.0.2]
	at org.springframework.beans.factory.support.AbstractBeanFactory.doGetBean(AbstractBeanFactory.java:331) ~[spring-beans-7.0.2.jar:7.0.2]
	at org.springframework.beans.factory.support.AbstractBeanFactory.getBean(AbstractBeanFactory.java:196) ~[spring-beans-7.0.2.jar:7.0.2]
	at org.springframework.beans.factory.support.DefaultListableBeanFactory.instantiateSingleton(DefaultListableBeanFactory.java:1218) ~[spring-beans-7.0.2.jar:7.0.2]
	at org.springframework.beans.factory.support.DefaultListableBeanFactory.preInstantiateSingleton(DefaultListableBeanFactory.java:1184) ~[spring-beans-7.0.2.jar:7.0.2]
	at org.springframework.beans.factory.support.DefaultListableBeanFactory.preInstantiateSingletons(DefaultListableBeanFactory.java:1121) ~[spring-beans-7.0.2.jar:7.0.2]
	at org.springframework.context.support.AbstractApplicationContext.finishBeanFactoryInitialization(AbstractApplicationContext.java:993) ~[spring-context-7.0.2.jar:7.0.2]
	at org.springframework.context.support.AbstractApplicationContext.refresh(AbstractApplicationContext.java:620) ~[spring-context-7.0.2.jar:7.0.2]
	at org.springframework.boot.SpringApplication.refresh(SpringApplication.java:756) ~[spring-boot-4.0.1.jar:4.0.1]
	at org.springframework.boot.SpringApplication.refreshContext(SpringApplication.java:445) ~[spring-boot-4.0.1.jar:4.0.1]
	at org.springframework.boot.SpringApplication.run(SpringApplication.java:321) ~[spring-boot-4.0.1.jar:4.0.1]
	at org.springframework.boot.test.context.SpringBootContextLoader.lambda$loadContext$2(SpringBootContextLoader.java:156) ~[spring-boot-test-4.0.1.jar:4.0.1]
	at org.springframework.util.function.ThrowingSupplier.get(ThrowingSupplier.java:58) ~[spring-core-7.0.2.jar:7.0.2]
	at org.springframework.util.function.ThrowingSupplier.get(ThrowingSupplier.java:46) ~[spring-core-7.0.2.jar:7.0.2]
	at org.springframework.boot.SpringApplication.withHook(SpringApplication.java:1465) ~[spring-boot-4.0.1.jar:4.0.1]
	at org.springframework.boot.test.context.SpringBootContextLoader$ContextLoaderHook.run(SpringBootContextLoader.java:605) ~[spring-boot-test-4.0.1.jar:4.0.1]
	at org.springframework.boot.test.context.SpringBootContextLoader.loadContext(SpringBootContextLoader.java:156) ~[spring-boot-test-4.0.1.jar:4.0.1]
	at org.springframework.boot.test.context.SpringBootContextLoader.loadContext(SpringBootContextLoader.java:115) ~[spring-boot-test-4.0.1.jar:4.0.1]
	at org.springframework.test.context.cache.DefaultCacheAwareContextLoaderDelegate.loadContextInternal(DefaultCacheAwareContextLoaderDelegate.java:247) ~[spring-test-7.0.2.jar:7.0.2]
	at org.springframework.test.context.cache.DefaultCacheAwareContextLoaderDelegate.lambda$loadContext$0(DefaultCacheAwareContextLoaderDelegate.java:167) ~[spring-test-7.0.2.jar:7.0.2]
	... 86 common frames omitted
Caused by: org.springframework.beans.factory.BeanCreationException: Error creating bean with name 'documentSearchRepository' defined in com.extractor.unraveldocs.elasticsearch.repository.DocumentSearchRepository defined in @EnableElasticsearchRepositories declared on ElasticsearchConfig: Cannot resolve reference to bean 'elasticsearchTemplate' while setting bean property 'elasticsearchOperations'
	at org.springframework.beans.factory.support.BeanDefinitionValueResolver.resolveReference(BeanDefinitionValueResolver.java:377) ~[spring-beans-7.0.2.jar:7.0.2]
	at org.springframework.beans.factory.support.BeanDefinitionValueResolver.resolveValueIfNecessary(BeanDefinitionValueResolver.java:135) ~[spring-beans-7.0.2.jar:7.0.2]
	at org.springframework.beans.factory.support.AbstractAutowireCapableBeanFactory.applyPropertyValues(AbstractAutowireCapableBeanFactory.java:1712) ~[spring-beans-7.0.2.jar:7.0.2]
	at org.springframework.beans.factory.support.AbstractAutowireCapableBeanFactory.populateBean(AbstractAutowireCapableBeanFactory.java:1461) ~[spring-beans-7.0.2.jar:7.0.2]
	at org.springframework.beans.factory.support.AbstractAutowireCapableBeanFactory.doCreateBean(AbstractAutowireCapableBeanFactory.java:602) ~[spring-beans-7.0.2.jar:7.0.2]
	at org.springframework.beans.factory.support.AbstractAutowireCapableBeanFactory.createBean(AbstractAutowireCapableBeanFactory.java:525) ~[spring-beans-7.0.2.jar:7.0.2]
	at org.springframework.beans.factory.support.AbstractBeanFactory.lambda$doGetBean$0(AbstractBeanFactory.java:333) ~[spring-beans-7.0.2.jar:7.0.2]
	at org.springframework.beans.factory.support.DefaultSingletonBeanRegistry.getSingleton(DefaultSingletonBeanRegistry.java:371) ~[spring-beans-7.0.2.jar:7.0.2]
	at org.springframework.beans.factory.support.AbstractBeanFactory.doGetBean(AbstractBeanFactory.java:331) ~[spring-beans-7.0.2.jar:7.0.2]
	at org.springframework.beans.factory.support.AbstractBeanFactory.getBean(AbstractBeanFactory.java:201) ~[spring-beans-7.0.2.jar:7.0.2]
	at org.springframework.beans.factory.support.DefaultListableBeanFactory.resolveBean(DefaultListableBeanFactory.java:1225) ~[spring-beans-7.0.2.jar:7.0.2]
	at org.springframework.beans.factory.support.DefaultListableBeanFactory.doResolveDependency(DefaultListableBeanFactory.java:1704) ~[spring-beans-7.0.2.jar:7.0.2]
	at org.springframework.beans.factory.support.DefaultListableBeanFactory.resolveDependency(DefaultListableBeanFactory.java:1651) ~[spring-beans-7.0.2.jar:7.0.2]
	at org.springframework.beans.factory.support.ConstructorResolver.resolveAutowiredArgument(ConstructorResolver.java:912) ~[spring-beans-7.0.2.jar:7.0.2]
	at org.springframework.beans.factory.support.ConstructorResolver.createArgumentArray(ConstructorResolver.java:791) ~[spring-beans-7.0.2.jar:7.0.2]
	... 112 common frames omitted
Caused by: org.springframework.beans.factory.NoSuchBeanDefinitionException: No bean named 'elasticsearchTemplate' available
	at org.springframework.beans.factory.support.DefaultListableBeanFactory.getBeanDefinition(DefaultListableBeanFactory.java:971) ~[spring-beans-7.0.2.jar:7.0.2]
	at org.springframework.beans.factory.support.AbstractBeanFactory.getMergedLocalBeanDefinition(AbstractBeanFactory.java:1369) ~[spring-beans-7.0.2.jar:7.0.2]
	at org.springframework.beans.factory.support.AbstractBeanFactory.doGetBean(AbstractBeanFactory.java:296) ~[spring-beans-7.0.2.jar:7.0.2]
	at org.springframework.beans.factory.support.AbstractBeanFactory.getBean(AbstractBeanFactory.java:196) ~[spring-beans-7.0.2.jar:7.0.2]
	at org.springframework.beans.factory.support.BeanDefinitionValueResolver.resolveReference(BeanDefinitionValueResolver.java:365) ~[spring-beans-7.0.2.jar:7.0.2]
	... 126 common frames omitted

[ERROR] Tests run: 1, Failures: 0, Errors: 1, Skipped: 0, Time elapsed: 25.52 s <<< FAILURE! -- in com.extractor.unraveldocs.UnravelDocsApplicationTests
[ERROR] com.extractor.unraveldocs.UnravelDocsApplicationTests.contextLoads -- Time elapsed: 0.015 s <<< ERROR!
java.lang.IllegalStateException: Failed to load ApplicationContext for [WebMergedContextConfiguration@6efffd0b testClass = com.extractor.unraveldocs.UnravelDocsApplicationTests, locations = [], classes = [com.extractor.unraveldocs.UnravelDocsApplication], contextInitializerClasses = [], activeProfiles = ["test"], propertySourceDescriptors = [], propertySourceProperties = ["org.springframework.boot.test.context.SpringBootTestContextBootstrapper=true"], contextCustomizers = [org.springframework.boot.web.server.context.SpringBootTestRandomPortContextCustomizerFactory$Customizer@6063d80a, org.springframework.boot.test.context.PropertyMappingContextCustomizer@0, org.springframework.boot.test.context.filter.ExcludeFilterContextCustomizer@4e4efc1b, org.springframework.boot.test.json.DuplicateJsonObjectContextCustomizerFactory$DuplicateJsonObjectContextCustomizer@4de025bf, org.springframework.boot.test.autoconfigure.OnFailureConditionReportContextCustomizerFactory$OnFailureConditionReportContextCustomizer@11389053, org.springframework.test.context.support.DynamicPropertiesContextCustomizer@0, org.springframework.boot.test.context.SpringBootTestAnnotation@6ecd0382], resourceBasePath = "src/main/webapp", contextLoader = org.springframework.boot.test.context.SpringBootContextLoader, parent = null]
	at org.springframework.test.context.cache.DefaultCacheAwareContextLoaderDelegate.lambda$loadContext$0(DefaultCacheAwareContextLoaderDelegate.java:195)
	at org.springframework.test.context.cache.DefaultContextCache.put(DefaultContextCache.java:172)
	at org.springframework.test.context.cache.DefaultCacheAwareContextLoaderDelegate.loadContext(DefaultCacheAwareContextLoaderDelegate.java:160)
	at org.springframework.test.context.support.DefaultTestContext.getApplicationContext(DefaultTestContext.java:128)
	at org.springframework.test.context.web.ServletTestExecutionListener.setUpRequestContextIfNecessary(ServletTestExecutionListener.java:200)
	at org.springframework.test.context.web.ServletTestExecutionListener.prepareTestInstance(ServletTestExecutionListener.java:139)
	at org.springframework.test.context.TestContextManager.prepareTestInstance(TestContextManager.java:260)
	at org.springframework.test.context.junit.jupiter.SpringExtension.postProcessTestInstance(SpringExtension.java:205)
	at java.base/java.util.stream.ForEachOps$ForEachOp$OfRef.accept(ForEachOps.java:186)
	at java.base/java.util.stream.ReferencePipeline$3$1.accept(ReferencePipeline.java:214)
	at java.base/java.util.stream.ReferencePipeline$2$1.accept(ReferencePipeline.java:197)
	at java.base/java.util.stream.ReferencePipeline$3$1.accept(ReferencePipeline.java:214)
	at java.base/java.util.ArrayList$ArrayListSpliterator.forEachRemaining(ArrayList.java:1716)
	at java.base/java.util.stream.AbstractPipeline.copyInto(AbstractPipeline.java:570)
	at java.base/java.util.stream.AbstractPipeline.wrapAndCopyInto(AbstractPipeline.java:560)
	at java.base/java.util.stream.ForEachOps$ForEachOp.evaluateSequential(ForEachOps.java:153)
	at java.base/java.util.stream.ForEachOps$ForEachOp$OfRef.evaluateSequential(ForEachOps.java:176)
	at java.base/java.util.stream.AbstractPipeline.evaluate(AbstractPipeline.java:265)
	at java.base/java.util.stream.ReferencePipeline.forEach(ReferencePipeline.java:632)
	at java.base/java.util.Optional.orElseGet(Optional.java:364)
	at java.base/java.util.ArrayList.forEach(ArrayList.java:1604)
	at java.base/java.util.ArrayList.forEach(ArrayList.java:1604)
Caused by: org.springframework.beans.factory.UnsatisfiedDependencyException: Error creating bean with name 'elasticsearchIndexConsumer' defined in file [C:\Users\afiaa\Desktop\projects\Brints\unraveldocs-api\target\classes\com\extractor\unraveldocs\elasticsearch\consumer\ElasticsearchIndexConsumer.class]: Unsatisfied dependency expressed through constructor parameter 0: Error creating bean with name 'documentSearchRepository' defined in com.extractor.unraveldocs.elasticsearch.repository.DocumentSearchRepository defined in @EnableElasticsearchRepositories declared on ElasticsearchConfig: Cannot resolve reference to bean 'elasticsearchTemplate' while setting bean property 'elasticsearchOperations'
	at org.springframework.beans.factory.support.ConstructorResolver.createArgumentArray(ConstructorResolver.java:804)
	at org.springframework.beans.factory.support.ConstructorResolver.autowireConstructor(ConstructorResolver.java:240)
	at org.springframework.beans.factory.support.AbstractAutowireCapableBeanFactory.autowireConstructor(AbstractAutowireCapableBeanFactory.java:1382)
	at org.springframework.beans.factory.support.AbstractAutowireCapableBeanFactory.createBeanInstance(AbstractAutowireCapableBeanFactory.java:1221)
	at org.springframework.beans.factory.support.AbstractAutowireCapableBeanFactory.doCreateBean(AbstractAutowireCapableBeanFactory.java:565)
	at org.springframework.beans.factory.support.AbstractAutowireCapableBeanFactory.createBean(AbstractAutowireCapableBeanFactory.java:525)
	at org.springframework.beans.factory.support.AbstractBeanFactory.lambda$doGetBean$0(AbstractBeanFactory.java:333)
	at org.springframework.beans.factory.support.DefaultSingletonBeanRegistry.getSingleton(DefaultSingletonBeanRegistry.java:371)
	at org.springframework.beans.factory.support.AbstractBeanFactory.doGetBean(AbstractBeanFactory.java:331)
	at org.springframework.beans.factory.support.AbstractBeanFactory.getBean(AbstractBeanFactory.java:196)
	at org.springframework.beans.factory.support.DefaultListableBeanFactory.instantiateSingleton(DefaultListableBeanFactory.java:1218)
	at org.springframework.beans.factory.support.DefaultListableBeanFactory.preInstantiateSingleton(DefaultListableBeanFactory.java:1184)
	at org.springframework.beans.factory.support.DefaultListableBeanFactory.preInstantiateSingletons(DefaultListableBeanFactory.java:1121)
	at org.springframework.context.support.AbstractApplicationContext.finishBeanFactoryInitialization(AbstractApplicationContext.java:993)
	at org.springframework.context.support.AbstractApplicationContext.refresh(AbstractApplicationContext.java:620)
	at org.springframework.boot.SpringApplication.refresh(SpringApplication.java:756)
	at org.springframework.boot.SpringApplication.refreshContext(SpringApplication.java:445)
	at org.springframework.boot.SpringApplication.run(SpringApplication.java:321)
	at org.springframework.boot.test.context.SpringBootContextLoader.lambda$loadContext$2(SpringBootContextLoader.java:156)
	at org.springframework.util.function.ThrowingSupplier.get(ThrowingSupplier.java:58)
	at org.springframework.util.function.ThrowingSupplier.get(ThrowingSupplier.java:46)
	at org.springframework.boot.SpringApplication.withHook(SpringApplication.java:1465)
	at org.springframework.boot.test.context.SpringBootContextLoader$ContextLoaderHook.run(SpringBootContextLoader.java:605)
	at org.springframework.boot.test.context.SpringBootContextLoader.loadContext(SpringBootContextLoader.java:156)
	at org.springframework.boot.test.context.SpringBootContextLoader.loadContext(SpringBootContextLoader.java:115)
	at org.springframework.test.context.cache.DefaultCacheAwareContextLoaderDelegate.loadContextInternal(DefaultCacheAwareContextLoaderDelegate.java:247)
	at org.springframework.test.context.cache.DefaultCacheAwareContextLoaderDelegate.lambda$loadContext$0(DefaultCacheAwareContextLoaderDelegate.java:167)
	... 21 more
Caused by: org.springframework.beans.factory.BeanCreationException: Error creating bean with name 'documentSearchRepository' defined in com.extractor.unraveldocs.elasticsearch.repository.DocumentSearchRepository defined in @EnableElasticsearchRepositories declared on ElasticsearchConfig: Cannot resolve reference to bean 'elasticsearchTemplate' while setting bean property 'elasticsearchOperations'
	at org.springframework.beans.factory.support.BeanDefinitionValueResolver.resolveReference(BeanDefinitionValueResolver.java:377)
	at org.springframework.beans.factory.support.BeanDefinitionValueResolver.resolveValueIfNecessary(BeanDefinitionValueResolver.java:135)
	at org.springframework.beans.factory.support.AbstractAutowireCapableBeanFactory.applyPropertyValues(AbstractAutowireCapableBeanFactory.java:1712)
	at org.springframework.beans.factory.support.AbstractAutowireCapableBeanFactory.populateBean(AbstractAutowireCapableBeanFactory.java:1461)
	at org.springframework.beans.factory.support.AbstractAutowireCapableBeanFactory.doCreateBean(AbstractAutowireCapableBeanFactory.java:602)
	at org.springframework.beans.factory.support.AbstractAutowireCapableBeanFactory.createBean(AbstractAutowireCapableBeanFactory.java:525)
	at org.springframework.beans.factory.support.AbstractBeanFactory.lambda$doGetBean$0(AbstractBeanFactory.java:333)
	at org.springframework.beans.factory.support.DefaultSingletonBeanRegistry.getSingleton(DefaultSingletonBeanRegistry.java:371)
	at org.springframework.beans.factory.support.AbstractBeanFactory.doGetBean(AbstractBeanFactory.java:331)
	at org.springframework.beans.factory.support.AbstractBeanFactory.getBean(AbstractBeanFactory.java:201)
	at org.springframework.beans.factory.support.DefaultListableBeanFactory.resolveBean(DefaultListableBeanFactory.java:1225)
	at org.springframework.beans.factory.support.DefaultListableBeanFactory.doResolveDependency(DefaultListableBeanFactory.java:1704)
	at org.springframework.beans.factory.support.DefaultListableBeanFactory.resolveDependency(DefaultListableBeanFactory.java:1651)
	at org.springframework.beans.factory.support.ConstructorResolver.resolveAutowiredArgument(ConstructorResolver.java:912)
	at org.springframework.beans.factory.support.ConstructorResolver.createArgumentArray(ConstructorResolver.java:791)
	... 47 more
Caused by: org.springframework.beans.factory.NoSuchBeanDefinitionException: No bean named 'elasticsearchTemplate' available
	at org.springframework.beans.factory.support.DefaultListableBeanFactory.getBeanDefinition(DefaultListableBeanFactory.java:971)
	at org.springframework.beans.factory.support.AbstractBeanFactory.getMergedLocalBeanDefinition(AbstractBeanFactory.java:1369)
	at org.springframework.beans.factory.support.AbstractBeanFactory.doGetBean(AbstractBeanFactory.java:296)
	at org.springframework.beans.factory.support.AbstractBeanFactory.getBean(AbstractBeanFactory.java:196)
	at org.springframework.beans.factory.support.BeanDefinitionValueResolver.resolveReference(BeanDefinitionValueResolver.java:365)
	... 61 more

2025-12-23T13:26:22.486+01:00  INFO 21684 --- [UnravelDocsAPI] [           main] GlobalEmbeddedKafkaTestExecutionListener : Stopped global Embedded Kafka.
[INFO] 
[INFO] Results:
[INFO] 
[ERROR] Errors: 
[ERROR]   UnravelDocsApplicationTests.contextLoads » IllegalState Failed to load ApplicationContext for [WebMergedContextConfiguration@6efffd0b testClass = com.extractor.unraveldocs.UnravelDocsApplicationTests, locations = [], classes = [com.extractor.unraveldocs.UnravelDocsApplication], contextInitializerClasses = [], activeProfiles = ["test"], propertySourceDescriptors = [], propertySourceProperties = ["org.springframework.boot.test.context.SpringBootTestContextBootstrapper=true"], contextCustomizers = [org.springframework.boot.web.server.context.SpringBootTestRandomPortContextCustomizerFactory$Customizer@6063d80a, org.springframework.boot.test.context.PropertyMappingContextCustomizer@0, org.springframework.boot.test.context.filter.ExcludeFilterContextCustomizer@4e4efc1b, org.springframework.boot.test.json.DuplicateJsonObjectContextCustomizerFactory$DuplicateJsonObjectContextCustomizer@4de025bf, org.springframework.boot.test.autoconfigure.OnFailureConditionReportContextCustomizerFactory$OnFailureConditionReportContextCustomizer@11389053, org.springframework.test.context.support.DynamicPropertiesContextCustomizer@0, org.springframework.boot.test.context.SpringBootTestAnnotation@6ecd0382], resourceBasePath = "src/main/webapp", contextLoader = org.springframework.boot.test.context.SpringBootContextLoader, parent = null]
[INFO] 
[ERROR] Tests run: 1, Failures: 0, Errors: 1, Skipped: 0
[INFO] 
[INFO] ------------------------------------------------------------------------
[INFO] BUILD FAILURE
[INFO] ------------------------------------------------------------------------
[INFO] Total time:  39.718 s
[INFO] Finished at: 2025-12-23T13:26:23+01:00
[INFO] ------------------------------------------------------------------------
[ERROR] Failed to execute goal org.apache.maven.plugins:maven-surefire-plugin:3.5.4:test (default-test) on project UnravelDocs: 
[ERROR] 
[ERROR] See C:\Users\afiaa\Desktop\projects\Brints\unraveldocs-api\target\surefire-reports for the individual test results.
[ERROR] See dump files (if any exist) [date].dump, [date]-jvmRun[N].dump and [date].dumpstream.
[ERROR] -> [Help 1]
[ERROR] 
[ERROR] To see the full stack trace of the errors, re-run Maven with the -e switch.
[ERROR] Re-run Maven using the -X switch to enable full debug logging.
[ERROR] 
[ERROR] For more information about the errors and possible solutions, please read the following articles:
[ERROR] [Help 1] http://cwiki.apache.org/confluence/display/MAVEN/MojoFailureException
